Microchip MPLAB XC8 Compiler V2.40

Linker command line:

-W-3 \
  --edf=C:\Program Files\Microchip\xc8\v2.40\pic\dat\20220703182018_en.msgs \
  -cn -h+dist/default/production\Digital_Clock.X.production.sym \
  --cmf=dist/default/production\Digital_Clock.X.production.cmf -z -Q18F4620 \
  -oC:\Users\ahmed\AppData\Local\Temp\xcAse78.4 --defsym=__MPLAB_BUILD=1 \
  --fixupoverflow=error \
  -Mdist/default/production/Digital_Clock.X.production.map \
  --md=C:\Users\ahmed\AppData\Local\Temp\xcAse78.dat -E1 -ver=XC8 Compiler \
  --acfsm=1493 -ACODE=00h-0FFFFh -ACONST=00h-0FFFFh \
  -ASMALLCONST=01000h-010FFhx240 -AMEDIUMCONST=01000h-0FFFFh \
  -ACOMRAM=01h-07Fh -AABS1=00h-0F7Fh -ABIGRAM=01h-0F7Fh \
  -ARAM=080h-0FFh,0100h-01FFhx14,0F00h-0F7Fh -ABANK0=080h-0FFh \
  -ABANK1=0100h-01FFh -ABANK2=0200h-02FFh -ABANK3=0300h-03FFh \
  -ABANK4=0400h-04FFh -ABANK5=0500h-05FFh -ABANK6=0600h-06FFh \
  -ABANK7=0700h-07FFh -ABANK8=0800h-08FFh -ABANK9=0900h-09FFh \
  -ABANK10=0A00h-0AFFh -ABANK11=0B00h-0BFFh -ABANK12=0C00h-0CFFh \
  -ABANK13=0D00h-0DFFh -ABANK14=0E00h-0EFFh -ABANK15=0F00h-0F7Fh \
  -ASFR=0F80h-0FFFh -ABIGSFR=0F80h-0FFFh -ACONFIG=0300000h-030000Dh \
  -AIDLOC=0200000h-0200007h -AEEDATA=0F00000h-0F003FFh -peeprom_data=EEDATA \
  -preset_vec=00h,intcode=08h,intcodelo,powerup,init -pramtop=01000h \
  -psmallconst=SMALLCONST -pmediumconst=MEDIUMCONST -pconst=CONST \
  -AFARRAM=00h-00h \
  -prdata=COMRAM,nvrram=COMRAM,nvbit=COMRAM,rbss=COMRAM,rbit=COMRAM \
  -pfarbss=FARRAM,fardata=FARRAM,nvFARRAM=FARRAM \
  -pintsave_regs=BIGRAM,bigbss=BIGRAM,bigdata=BIGRAM -pbss=RAM \
  -pidata=CODE,irdata=CODE,ibigdata=CODE,ifardata=CODE -prparam=COMRAM \
  C:\Users\ahmed\AppData\Local\Temp\xcAse78.o \
  dist/default/production\Digital_Clock.X.production.o 

Object code version is 3.11

Machine type is 18F4620



                Name                               Link     Load   Length Selector   Space Scale
C:\Users\ahmed\AppData\Local\Temp\xcAse78.o
                idloc                            200000   200000        8        0       5
                config                           300000   300000        E        0       4
                init                                  E        E        4        4       0
                reset_vec                             0        0        4        0       0
dist/default/production\Digital_Clock.X.production.o
                intcode                               8        8        6        4       0
                idloc                            200000   200000        8        0       5
                config                           300000   300000        E        0       4
                temp                                 69       69        1        1       1
                smallconst                         1000     1000       12      800       0
                text56                             303E     303E       2A     181F       0
                text55                             30FE     30FE       24     1848       0
                text54                             2898     2898       7A      809       0
                text53                             2560     2560       AE      809       0
                text52                             1E86     1E86       D6      809       0
                text51                             1ABA     1ABA      164      809       0
                text50                             1C1E     1C1E      136      809       0
                text49                             3184     3184       1E     1848       0
                text48                             2D9A     2D9A       46      809       0
                text47                             30DA     30DA       24     1848       0
                text46                             281E     281E       7A      809       0
                text45                             21C2     21C2       C6      809       0
                text44                             2288     2288       C4      809       0
                text43                             24B0     24B0       B0      809       0
                text42                             1012     1012      32E      809       0
                text41                             2B4C     2B4C       60      809       0
                text40                             2FE4     2FE4       2E      809       0
                text39                             2FB6     2FB6       2E      809       0
                text38                             2F88     2F88       2E      809       0
                text37                             3144     3144       22     1848       0
                text36                             2DE0     2DE0       3C      809       0
                text35                             3122     3122       22     1848       0
                text34                             2F56     2F56       32      809       0
                text33                             2F24     2F24       32      809       0
                text32                             2EF2     2EF2       32      809       0
                text31                             2EC0     2EC0       32      809       0
                text30                             2C08     2C08       5C      809       0
                text29                             2E8A     2E8A       36      809       0
                text28                             2BAC     2BAC       5C      809       0
                text27                             2E54     2E54       36      809       0
                intcode_body                       1340     1340      316      809       0
                text25                             2D50     2D50       4A      809       0
                text24                             20FC     20FC       C6      809       0
                text23                             23FE     23FE       B2      809       0
                text22                             1656     1656      192      809       0
                text21                             1952     1952      168      809       0
                text20                             17E8     17E8      16A      809       0
                text19                             260E     260E       90      809       0
                text18                             269E     269E       86      809       0
                text17                             2AE0     2AE0       6C      809       0
                text16                             30B6     30B6       24     1848       0
                text15                             2D06     2D06       4A      809       0
                text14                             298A     298A       78      809       0
                text13                             2912     2912       78      809       0
                text12                             1D54     1D54      132      809       0
                text11                             2724     2724       7E      809       0
                text10                             234C     234C       B2      809       0
                text9                              2A74     2A74       6C      809       0
                text8                              3166     3166       1E     1848       0
                text7                              2030     2030       CC      809       0
                text6                              2E1C     2E1C       38      809       0
                text5                              3090     3090       26     1848       0
                text4                              27A2     27A2       7C      809       0
                text3                              1F5C     1F5C       D4      809       0
                text2                              2A02     2A02       72      809       0
                text1                              31A2     31A2        E     1848       0
                text0                              2CBA     2CBA       4C      809       0
                cstackCOMRAM                         28       28       21        1       1
                cstackBANK0                          AB       AB       15       80       1
                dataBANK0                            80       80       2B       80       1
                dataCOMRAM                            1        1       27        1       1
                bssCOMRAM                            49       49       20        1       1
                cinit                              2C64     2C64       56      809       0
                idataBANK0                         3012     3012       2B      809       0
                idataCOMRAM                        3068     3068       27     181F       0

TOTAL           Name                               Link     Load   Length     Space
        CLASS   CODE           
                intcode                               8        8        6         0
                init                                  E        E        4         0
                reset_vec                             0        0        4         0
                text56                             303E     303E       2A         0
                text55                             30FE     30FE       24         0
                text54                             2898     2898       7A         0
                text53                             2560     2560       AE         0
                text52                             1E86     1E86       D6         0
                text51                             1ABA     1ABA      164         0
                text50                             1C1E     1C1E      136         0
                text49                             3184     3184       1E         0
                text48                             2D9A     2D9A       46         0
                text47                             30DA     30DA       24         0
                text46                             281E     281E       7A         0
                text45                             21C2     21C2       C6         0
                text44                             2288     2288       C4         0
                text43                             24B0     24B0       B0         0
                text42                             1012     1012      32E         0
                text41                             2B4C     2B4C       60         0
                text40                             2FE4     2FE4       2E         0
                text39                             2FB6     2FB6       2E         0
                text38                             2F88     2F88       2E         0
                text37                             3144     3144       22         0
                text36                             2DE0     2DE0       3C         0
                text35                             3122     3122       22         0
                text34                             2F56     2F56       32         0
                text33                             2F24     2F24       32         0
                text32                             2EF2     2EF2       32         0
                text31                             2EC0     2EC0       32         0
                text30                             2C08     2C08       5C         0
                text29                             2E8A     2E8A       36         0
                text28                             2BAC     2BAC       5C         0
                text27                             2E54     2E54       36         0
                intcode_body                       1340     1340      316         0
                text25                             2D50     2D50       4A         0
                text24                             20FC     20FC       C6         0
                text23                             23FE     23FE       B2         0
                text22                             1656     1656      192         0
                text21                             1952     1952      168         0
                text20                             17E8     17E8      16A         0
                text19                             260E     260E       90         0
                text18                             269E     269E       86         0
                text17                             2AE0     2AE0       6C         0
                text16                             30B6     30B6       24         0
                text15                             2D06     2D06       4A         0
                text14                             298A     298A       78         0
                text13                             2912     2912       78         0
                text12                             1D54     1D54      132         0
                text11                             2724     2724       7E         0
                text10                             234C     234C       B2         0
                text9                              2A74     2A74       6C         0
                text8                              3166     3166       1E         0
                text7                              2030     2030       CC         0
                text6                              2E1C     2E1C       38         0
                text5                              3090     3090       26         0
                text4                              27A2     27A2       7C         0
                text3                              1F5C     1F5C       D4         0
                text2                              2A02     2A02       72         0
                text1                              31A2     31A2        E         0
                text0                              2CBA     2CBA       4C         0
                cinit                              2C64     2C64       56         0
                idataBANK0                         3012     3012       2B         0
                idataCOMRAM                        3068     3068       27         0

        CLASS   CONST          

        CLASS   SMALLCONST     
                smallconst                         1000     1000       12         0

        CLASS   MEDIUMCONST    

        CLASS   COMRAM         
                temp                                 69       69        1         1
                cstackCOMRAM                         28       28       21         1
                dataCOMRAM                            1        1       27         1
                bssCOMRAM                            49       49       20         1

        CLASS   ABS1           

        CLASS   BIGRAM         

        CLASS   RAM            

        CLASS   BANK0          
                cstackBANK0                          AB       AB       15         1
                dataBANK0                            80       80       2B         1

        CLASS   BANK1          

        CLASS   BANK2          

        CLASS   BANK3          

        CLASS   BANK4          

        CLASS   BANK5          

        CLASS   BANK6          

        CLASS   BANK7          

        CLASS   BANK8          

        CLASS   BANK9          

        CLASS   BANK10         

        CLASS   BANK11         

        CLASS   BANK12         

        CLASS   BANK13         

        CLASS   BANK14         

        CLASS   BANK15         

        CLASS   SFR            

        CLASS   BIGSFR         

        CLASS   CONFIG         
                config                           300000   300000        E         4

        CLASS   IDLOC          
                idloc                            200000   200000        8         5

        CLASS   EEDATA         

        CLASS   FARRAM         

        CLASS   HEAP           

        CLASS   STACK          



SEGMENTS        Name                           Load    Length   Top    Selector   Space  Class

                reset_vec                      000000  000004  000004         0       0  CODE    
                dataCOMRAM                     000001  000069  00006A         1       1  COMRAM  
                intcode                        000008  00000A  000012         4       0  CODE    
                dataBANK0                      000080  000040  0000C0        80       1  BANK0   
                smallconst                     001000  000012  001012       800       0  SMALLCON
                text42                         001012  00202B  00303D       809       0  CODE    
                text56                         00303E  000051  00308F      181F       0  CODE    
                text5                          003090  000120  0031B0      1848       0  CODE    


UNUSED ADDRESS RANGES

        Name                Unused          Largest block    Delta
        BANK0            0000C0-0000FF               40
        BANK1            000100-0001FF              100
        BANK10           000A00-000AFF              100
        BANK11           000B00-000BFF              100
        BANK12           000C00-000CFF              100
        BANK13           000D00-000DFF              100
        BANK14           000E00-000EFF              100
        BANK15           000F00-000F7F               80
        BANK2            000200-0002FF              100
        BANK3            000300-0003FF              100
        BANK4            000400-0004FF              100
        BANK5            000500-0005FF              100
        BANK6            000600-0006FF              100
        BANK7            000700-0007FF              100
        BANK8            000800-0008FF              100
        BANK9            000900-0009FF              100
        BIGRAM           00006A-00007F               16
                         0000C0-000F7F              EC0
        BIGSFR           000F80-000FFF               80
        CODE             000004-000007                4
                         000012-000FFF              FEE
                         00303D-00303D                1
                         00308F-00308F                1
                         0031B0-00FFFF             CE50
        COMRAM           00006A-00007F               16
        CONST            000004-000007                4
                         000012-000FFF              FEE
                         00303D-00303D                1
                         00308F-00308F                1
                         0031B0-00FFFF             CE50
        EEDATA           F00000-F003FF              400
        MEDIUMCONST      00303D-00303D                1
                         00308F-00308F                1
                         0031B0-00FFFF             CE50
        RAM              0000C0-000F7F              100
        SFR              000F80-000FFF               80
        SMALLCONST       00303D-00303D                1
                         00308F-00308F                1
                         0031B0-00FFFF              100

                                  Symbol Table

?___awdiv                                        cstackBANK0  0000AB
?___awmod                                        cstackBANK0  0000AB
?i2___awdiv                                      cstackCOMRAM 000028
?i2___awmod                                      cstackCOMRAM 000028
Display_clock@hr                                 cstackBANK0  0000BB
Display_clock@min                                cstackBANK0  0000B8
Display_clock@sec                                cstackBANK0  0000B9
GPIO_pin_direction_initialize@_pin_config_ptr    cstackBANK0  0000AB
GPIO_pin_direction_initialize@ret                cstackBANK0  0000B3
GPIO_pin_initialize@_pin_config_ptr              cstackBANK0  0000B5
GPIO_pin_initialize@ret                          cstackBANK0  0000B8
GPIO_pin_read_logic@_pin_config_ptr              cstackCOMRAM 000028
GPIO_pin_read_logic@log_value_ptr                cstackCOMRAM 00002A
GPIO_pin_read_logic@ret                          cstackCOMRAM 000031
GPIO_pin_write_logic@_logic                      cstackBANK0  0000AD
GPIO_pin_write_logic@_pin_config_ptr             cstackBANK0  0000AB
GPIO_pin_write_logic@ret                         cstackBANK0  0000B4
GPIO_port_direction_initialize@_port             cstackBANK0  0000AF
GPIO_port_direction_initialize@direction         cstackBANK0  0000AB
GPIO_port_direction_initialize@ret               cstackBANK0  0000AE
GPIO_port_write_logic@_port                      cstackBANK0  0000B7
GPIO_port_write_logic@port_logic                 cstackBANK0  0000B3
GPIO_port_write_logic@ret                        cstackBANK0  0000B6
INT_RB4_ISR@pin_status                           cstackCOMRAM 000030
INT_RB5_ISR@pin_status                           cstackCOMRAM 000030
INT_RB6_ISR@pin_status                           cstackCOMRAM 000030
INT_RB7_ISR@pin_status                           cstackCOMRAM 000030
Interrupt_INTx_Clear_Flag@int_obj                cstackBANK0  0000AB
Interrupt_INTx_Clear_Flag@ret                    cstackBANK0  0000AF
Interrupt_INTx_Disable@int_obj                   cstackBANK0  0000AB
Interrupt_INTx_Disable@ret                       cstackBANK0  0000AF
Interrupt_INTx_Edge_init@int_obj                 cstackBANK0  0000AB
Interrupt_INTx_Edge_init@ret                     cstackBANK0  0000AF
Interrupt_INTx_Enable@int_obj                    cstackBANK0  0000AB
Interrupt_INTx_Enable@ret                        cstackBANK0  0000AF
Interrupt_INTx_Init@int_obj                      cstackBANK0  0000B9
Interrupt_INTx_Init@ret                          cstackBANK0  0000BB
Interrupt_INTx_Pin_init@int_obj                  cstackBANK0  0000B4
Interrupt_INTx_Pin_init@ret                      cstackBANK0  0000B8
Interrupt_RBx_Enable@int_obj                     cstackBANK0  0000AB
Interrupt_RBx_Init@int_obj                       cstackBANK0  0000B8
Interrupt_RBx_Pin_init@int_obj                   cstackBANK0  0000B4
Keypad_getValue@col_counter                      cstackCOMRAM 00003B
Keypad_getValue@col_logic                        cstackCOMRAM 000038
Keypad_getValue@counter                          cstackCOMRAM 000039
Keypad_getValue@key_obj                          cstackCOMRAM 000032
Keypad_getValue@row_counter                      cstackCOMRAM 00003A
Keypad_getValue@value                            cstackCOMRAM 000034
Keypad_init@col_counter                          cstackBANK0  0000BF
Keypad_init@key_obj                              cstackBANK0  0000B9
Keypad_init@ret                                  cstackBANK0  0000BD
Keypad_init@row_counter                          cstackBANK0  0000BE
Timer1_DeInit@_timer1                            cstackCOMRAM 000028
Timer1_Init@_timer1                              cstackBANK0  0000AD
Timer1_Init@ret                                  cstackBANK0  0000B1
Timer3_DeInit@_timer3                            cstackCOMRAM 000028
Timer3_DeInit@ret                                cstackCOMRAM 00002A
Timer3_Init@_timer3                              cstackCOMRAM 00002A
Timer3_Init@ret                                  cstackCOMRAM 00002E
_Display_clock                                   text22       001656
_ECU_Layer_init                                  text16       0030B6
_GPIO_pin_direction_initialize                   text21       001952
_GPIO_pin_initialize                             text19       00260E
_GPIO_pin_read_logic                             text52       001E86
_GPIO_pin_write_logic                            text20       0017E8
_GPIO_port_direction_initialize                  text15       002D06
_GPIO_port_write_logic                           text25       002D50
_INT0_ISR                                        text40       002FE4
_INT0_InterruptHandler                           bssCOMRAM    00005D
_INT1_ISR                                        text39       002FB6
_INT1_InterruptHandler                           bssCOMRAM    00005B
_INT2_ISR                                        text38       002F88
_INT2_InterruptHandler                           bssCOMRAM    000059
_INTCON2bits                                     (abs)        000FF1
_INTCON3bits                                     (abs)        000FF0
_INTCONbits                                      (abs)        000FF2
_INT_RB4_ISR                                     text34       002F56
_INT_RB5_ISR                                     text33       002F24
_INT_RB6_ISR                                     text32       002EF2
_INT_RB7_ISR                                     text31       002EC0
_InterruptManager                                intcode      000008
_Interrupt_INTx_Clear_Flag                       text14       00298A
_Interrupt_INTx_Disable                          text13       002912
_Interrupt_INTx_Edge_init                        text12       001D54
_Interrupt_INTx_Enable                           text11       002724
_Interrupt_INTx_Init                             text9        002A74
_Interrupt_INTx_Pin_init                         text10       00234C
_Interrupt_RBx_Enable                            text8        003166
_Interrupt_RBx_Init                              text6        002E1C
_Interrupt_RBx_Pin_init                          text7        002030
_Keypad_getValue                                 text50       001C1E
_Keypad_init                                     text18       00269E
_LATA                                            (abs)        000F89
_LATB                                            (abs)        000F8A
_LATC                                            (abs)        000F8B
_LATD                                            (abs)        000F8C
_LATE                                            (abs)        000F8D
_LAT_Registers                                   dataCOMRAM   000001
_MCAL_Layer_init                                 text2        002A02
_PIE1bits                                        (abs)        000F9D
_PIE2bits                                        (abs)        000FA0
_PIR1bits                                        (abs)        000F9E
_PIR2bits                                        (abs)        000FA1
_PORTA                                           (abs)        000F80
_PORTB                                           (abs)        000F81
_PORTBbits                                       (abs)        000F81
_PORTC                                           (abs)        000F82
_PORTD                                           (abs)        000F83
_PORTE                                           (abs)        000F84
_PORT_Registers                                  dataBANK0    000080
_RB4_InterruptHandler                            bssCOMRAM    000057
_RB5_InterruptHandler                            bssCOMRAM    000055
_RB6_InterruptHandler                            bssCOMRAM    000053
_RB7_InterruptHandler                            bssCOMRAM    000051
_T1CONbits                                       (abs)        000FCD
_T3CON                                           (abs)        000FB1
_T3CONbits                                       (abs)        000FB1
_TMR1H                                           (abs)        000FCF
_TMR1L                                           (abs)        000FCE
_TMR1_ISR                                        text29       002E8A
_TMR1_InterruptHandler                           bssCOMRAM    00004B
_TMR3H                                           (abs)        000FB3
_TMR3L                                           (abs)        000FB2
_TMR3_ISR                                        text27       002E54
_TMR3_InterruptHandler                           bssCOMRAM    00004F
_TRISA                                           (abs)        000F92
_TRISB                                           (abs)        000F93
_TRISC                                           (abs)        000F94
_TRISD                                           (abs)        000F95
_TRISE                                           (abs)        000F96
_TRIS_Registers                                  dataCOMRAM   00000B
_Timer1_DeInit                                   text49       003184
_Timer1_Init                                     text3        001F5C
_Timer3_DeInit                                   text56       00303E
_Timer3_Init                                     text53       002560
__HRAM                                           (abs)        000000
__Habs1                                          abs1         000000
__Hbank0                                         bank0        000000
__Hbank1                                         bank1        000000
__Hbank10                                        bank10       000000
__Hbank11                                        bank11       000000
__Hbank12                                        bank12       000000
__Hbank13                                        bank13       000000
__Hbank14                                        bank14       000000
__Hbank15                                        bank15       000000
__Hbank2                                         bank2        000000
__Hbank3                                         bank3        000000
__Hbank4                                         bank4        000000
__Hbank5                                         bank5        000000
__Hbank6                                         bank6        000000
__Hbank7                                         bank7        000000
__Hbank8                                         bank8        000000
__Hbank9                                         bank9        000000
__Hbigbss                                        bigbss       000000
__Hbigdata                                       bigdata      000000
__Hbigram                                        bigram       000000
__Hbigsfr                                        bigsfr       000000
__Hbss                                           bss          000000
__HbssCOMRAM                                     bssCOMRAM    000000
__Hcinit                                         cinit        000000
__Hclrtext                                       clrtext      000000
__Hcomram                                        comram       000000
__Hconfig                                        config       30000E
__Hconst                                         const        000000
__HcstackBANK0                                   cstackBANK0  000000
__HcstackCOMRAM                                  cstackCOMRAM 000000
__Hdata                                          data         000000
__HdataBANK0                                     dataBANK0    000000
__HdataCOMRAM                                    dataCOMRAM   000000
__Heeprom_data                                   eeprom_data  000000
__Hfarbss                                        farbss       000000
__Hfardata                                       fardata      000000
__Hheap                                          heap         000000
__Hibigdata                                      ibigdata     000000
__Hidata                                         idata        000000
__HidataBANK0                                    idataBANK0   000000
__HidataCOMRAM                                   idataCOMRAM  000000
__Hidloc                                         idloc        200008
__Hifardata                                      ifardata     000000
__Hinit                                          init         000012
__Hintcode                                       intcode      00000E
__Hintcode_body                                  intcode_body 000000
__Hintcodelo                                     intcodelo    00000E
__Hintentry                                      intentry     000000
__Hintret                                        intret       000000
__Hintsave_regs                                  intsave_regs 000000
__Hirdata                                        irdata       000000
__Hmediumconst                                   mediumconst  000000
__HnvFARRAM                                      nvFARRAM     000000
__Hnvbit                                         nvbit        000000
__Hnvrram                                        nvrram       000000
__Hparam                                         rparam       000000
__Hpowerup                                       powerup      00000E
__Hram                                           ram          000000
__Hramtop                                        ramtop       001000
__Hrbit                                          rbit         000000
__Hrbss                                          rbss         000000
__Hrdata                                         rdata        000000
__Hreset_vec                                     reset_vec    000004
__Hrparam                                        rparam       000000
__Hsfr                                           sfr          000000
__Hsmallconst                                    smallconst   001012
__Hspace_0                                       (abs)        0031B0
__Hspace_1                                       (abs)        0000C0
__Hspace_2                                       (abs)        000000
__Hspace_4                                       (abs)        60000E
__Hstack                                         stack        000000
__Hstruct                                        struct       000000
__Htemp                                          temp         00006A
__Htext                                          text         000000
__Htext0                                         text0        000000
__Htext1                                         text1        000000
__Htext10                                        text10       000000
__Htext11                                        text11       000000
__Htext12                                        text12       000000
__Htext13                                        text13       000000
__Htext14                                        text14       000000
__Htext15                                        text15       000000
__Htext16                                        text16       000000
__Htext17                                        text17       000000
__Htext18                                        text18       000000
__Htext19                                        text19       000000
__Htext2                                         text2        000000
__Htext20                                        text20       000000
__Htext21                                        text21       000000
__Htext22                                        text22       000000
__Htext23                                        text23       000000
__Htext24                                        text24       000000
__Htext25                                        text25       000000
__Htext27                                        text27       000000
__Htext28                                        text28       000000
__Htext29                                        text29       000000
__Htext3                                         text3        000000
__Htext30                                        text30       000000
__Htext31                                        text31       000000
__Htext32                                        text32       000000
__Htext33                                        text33       000000
__Htext34                                        text34       000000
__Htext35                                        text35       000000
__Htext36                                        text36       000000
__Htext37                                        text37       000000
__Htext38                                        text38       000000
__Htext39                                        text39       000000
__Htext4                                         text4        000000
__Htext40                                        text40       000000
__Htext41                                        text41       000000
__Htext42                                        text42       000000
__Htext43                                        text43       000000
__Htext44                                        text44       000000
__Htext45                                        text45       000000
__Htext46                                        text46       000000
__Htext47                                        text47       000000
__Htext48                                        text48       000000
__Htext49                                        text49       000000
__Htext5                                         text5        000000
__Htext50                                        text50       000000
__Htext51                                        text51       000000
__Htext52                                        text52       000000
__Htext53                                        text53       000000
__Htext54                                        text54       000000
__Htext55                                        text55       000000
__Htext56                                        text56       000000
__Htext57                                        text57       000000
__Htext6                                         text6        000000
__Htext7                                         text7        000000
__Htext8                                         text8        000000
__Htext9                                         text9        000000
__LRAM                                           (abs)        000001
__Labs1                                          abs1         000000
__Lbank0                                         bank0        000000
__Lbank1                                         bank1        000000
__Lbank10                                        bank10       000000
__Lbank11                                        bank11       000000
__Lbank12                                        bank12       000000
__Lbank13                                        bank13       000000
__Lbank14                                        bank14       000000
__Lbank15                                        bank15       000000
__Lbank2                                         bank2        000000
__Lbank3                                         bank3        000000
__Lbank4                                         bank4        000000
__Lbank5                                         bank5        000000
__Lbank6                                         bank6        000000
__Lbank7                                         bank7        000000
__Lbank8                                         bank8        000000
__Lbank9                                         bank9        000000
__Lbigbss                                        bigbss       000000
__Lbigdata                                       bigdata      000000
__Lbigram                                        bigram       000000
__Lbigsfr                                        bigsfr       000000
__Lbss                                           bss          000000
__LbssCOMRAM                                     bssCOMRAM    000000
__Lcinit                                         cinit        000000
__Lclrtext                                       clrtext      000000
__Lcomram                                        comram       000000
__Lconfig                                        config       000000
__Lconst                                         const        000000
__LcstackBANK0                                   cstackBANK0  000000
__LcstackCOMRAM                                  cstackCOMRAM 000000
__Ldata                                          data         000000
__LdataBANK0                                     dataBANK0    000000
__LdataCOMRAM                                    dataCOMRAM   000000
__Leeprom_data                                   eeprom_data  000000
__Lfarbss                                        farbss       000000
__Lfardata                                       fardata      000000
__Lheap                                          heap         000000
__Libigdata                                      ibigdata     000000
__Lidata                                         idata        000000
__LidataBANK0                                    idataBANK0   000000
__LidataCOMRAM                                   idataCOMRAM  000000
__Lidloc                                         idloc        000000
__Lifardata                                      ifardata     000000
__Linit                                          init         00000E
__Lintcode                                       intcode      000008
__Lintcode_body                                  intcode_body 000000
__Lintcodelo                                     intcodelo    00000E
__Lintentry                                      intentry     000000
__Lintret                                        intret       000000
__Lintsave_regs                                  intsave_regs 000000
__Lirdata                                        irdata       000000
__Lmediumconst                                   mediumconst  000000
__LnvFARRAM                                      nvFARRAM     000000
__Lnvbit                                         nvbit        000000
__Lnvrram                                        nvrram       000000
__Lparam                                         rparam       000000
__Lpowerup                                       powerup      00000E
__Lram                                           ram          000000
__Lramtop                                        ramtop       001000
__Lrbit                                          rbit         000000
__Lrbss                                          rbss         000000
__Lrdata                                         rdata        000000
__Lreset_vec                                     reset_vec    000000
__Lrparam                                        rparam       000000
__Lsfr                                           sfr          000000
__Lsmallconst                                    smallconst   001000
__Lspace_0                                       (abs)        000000
__Lspace_1                                       (abs)        000000
__Lspace_2                                       (abs)        000000
__Lspace_4                                       (abs)        000000
__Lstack                                         stack        000000
__Lstruct                                        struct       000000
__Ltemp                                          temp         000069
__Ltext                                          text         000000
__Ltext0                                         text0        000000
__Ltext1                                         text1        000000
__Ltext10                                        text10       000000
__Ltext11                                        text11       000000
__Ltext12                                        text12       000000
__Ltext13                                        text13       000000
__Ltext14                                        text14       000000
__Ltext15                                        text15       000000
__Ltext16                                        text16       000000
__Ltext17                                        text17       000000
__Ltext18                                        text18       000000
__Ltext19                                        text19       000000
__Ltext2                                         text2        000000
__Ltext20                                        text20       000000
__Ltext21                                        text21       000000
__Ltext22                                        text22       000000
__Ltext23                                        text23       000000
__Ltext24                                        text24       000000
__Ltext25                                        text25       000000
__Ltext27                                        text27       000000
__Ltext28                                        text28       000000
__Ltext29                                        text29       000000
__Ltext3                                         text3        000000
__Ltext30                                        text30       000000
__Ltext31                                        text31       000000
__Ltext32                                        text32       000000
__Ltext33                                        text33       000000
__Ltext34                                        text34       000000
__Ltext35                                        text35       000000
__Ltext36                                        text36       000000
__Ltext37                                        text37       000000
__Ltext38                                        text38       000000
__Ltext39                                        text39       000000
__Ltext4                                         text4        000000
__Ltext40                                        text40       000000
__Ltext41                                        text41       000000
__Ltext42                                        text42       000000
__Ltext43                                        text43       000000
__Ltext44                                        text44       000000
__Ltext45                                        text45       000000
__Ltext46                                        text46       000000
__Ltext47                                        text47       000000
__Ltext48                                        text48       000000
__Ltext49                                        text49       000000
__Ltext5                                         text5        000000
__Ltext50                                        text50       000000
__Ltext51                                        text51       000000
__Ltext52                                        text52       000000
__Ltext53                                        text53       000000
__Ltext54                                        text54       000000
__Ltext55                                        text55       000000
__Ltext56                                        text56       000000
__Ltext57                                        text57       000000
__Ltext6                                         text6        000000
__Ltext7                                         text7        000000
__Ltext8                                         text8        000000
__Ltext9                                         text9        000000
__S0                                             (abs)        0031B0
__S1                                             (abs)        0000C0
__S4                                             (abs)        000000
__S5                                             (abs)        000000
___awdiv                                         text24       0020FC
___awdiv@counter                                 cstackBANK0  0000AF
___awdiv@dividend                                cstackBANK0  0000AB
___awdiv@divisor                                 cstackBANK0  0000AD
___awdiv@quotient                                cstackBANK0  0000B1
___awdiv@sign                                    cstackBANK0  0000B0
___awmod                                         text23       0023FE
___awmod@counter                                 cstackBANK0  0000AF
___awmod@dividend                                cstackBANK0  0000AB
___awmod@divisor                                 cstackBANK0  0000AD
___awmod@sign                                    cstackBANK0  0000B0
___heap_hi                                       (abs)        000000
___heap_lo                                       (abs)        000000
___inthi_sp                                      stack        000000
___intlo_sp                                      stack        000000
___param_bank                                    (abs)        000000
___rparam_used                                   (abs)        000001
___sp                                            stack        000000
__accesstop                                      (abs)        000080
__activetblptr                                   (abs)        000003
__end_of_Display_clock                           text22       0017E8
__end_of_ECU_Layer_init                          text16       0030DA
__end_of_GPIO_pin_direction_initialize           text21       001ABA
__end_of_GPIO_pin_initialize                     text19       00269E
__end_of_GPIO_pin_read_logic                     text52       001F5C
__end_of_GPIO_pin_write_logic                    text20       001952
__end_of_GPIO_port_direction_initialize          text15       002D50
__end_of_GPIO_port_write_logic                   text25       002D9A
__end_of_INT0_ISR                                text40       003012
__end_of_INT1_ISR                                text39       002FE4
__end_of_INT2_ISR                                text38       002FB6
__end_of_INT_RB4_ISR                             text34       002F88
__end_of_INT_RB5_ISR                             text33       002F56
__end_of_INT_RB6_ISR                             text32       002F24
__end_of_INT_RB7_ISR                             text31       002EF2
__end_of_InterruptManager                        intcode_body 001656
__end_of_Interrupt_INTx_Clear_Flag               text14       002A02
__end_of_Interrupt_INTx_Disable                  text13       00298A
__end_of_Interrupt_INTx_Edge_init                text12       001E86
__end_of_Interrupt_INTx_Enable                   text11       0027A2
__end_of_Interrupt_INTx_Init                     text9        002AE0
__end_of_Interrupt_INTx_Pin_init                 text10       0023FE
__end_of_Interrupt_RBx_Enable                    text8        003184
__end_of_Interrupt_RBx_Init                      text6        002E54
__end_of_Interrupt_RBx_Pin_init                  text7        0020FC
__end_of_Keypad_getValue                         text50       001D54
__end_of_Keypad_init                             text18       002724
__end_of_MCAL_Layer_init                         text2        002A74
__end_of_TMR1_ISR                                text29       002EC0
__end_of_TMR3_ISR                                text27       002E8A
__end_of_Timer1_DeInit                           text49       0031A2
__end_of_Timer1_Init                             text3        002030
__end_of_Timer3_DeInit                           text56       003068
__end_of_Timer3_Init                             text53       00260E
__end_of___awdiv                                 text24       0021C2
__end_of___awmod                                 text23       0024B0
__end_of__initialization                         cinit        002CB0
__end_of_application_init                        text1        0031B0
__end_of_btn_values                              smallconst   001011
__end_of_interrupt1_callBackNotify_changeProgram text41       002BAC
__end_of_interrupt2_callBackNotify_changeClock   text42       001340
__end_of_main                                    text0        002D06
__end_of_reset_stopWatch                         text36       002E1C
__end_of_resume_stopWatch                        text35       003144
__end_of_seven_segment_initialize                text17       002B4C
__end_of_stop_stopWatch                          text37       003166
__end_of_timer1_RW_reg_size_select               text5        0030B6
__end_of_timer1_mode_select                      text4        00281E
__end_of_timer3_RW_reg_size_select               text55       003122
__end_of_timer3_mode_select                      text54       002912
__end_of_tmr1_callBackNotify                     text30       002C64
__end_of_tmr3_callBackNotify                     text28       002C08
__end_ofi2_GPIO_pin_write_logic                  text51       001C1E
__end_ofi2_GPIO_port_write_logic                 text48       002DE0
__end_ofi2_Timer1_Init                           text45       002288
__end_ofi2___awdiv                               text44       00234C
__end_ofi2___awmod                               text43       002560
__end_ofi2_timer1_RW_reg_size_select             text47       0030FE
__end_ofi2_timer1_mode_select                    text46       002898
__initialization                                 cinit        002C64
__mediumconst                                    mediumconst  000000
__pbssCOMRAM                                     bssCOMRAM    000049
__pcinit                                         cinit        002C64
__pcstackBANK0                                   cstackBANK0  0000AB
__pcstackCOMRAM                                  cstackCOMRAM 000028
__pdataBANK0                                     dataBANK0    000080
__pdataCOMRAM                                    dataCOMRAM   000001
__pidataBANK0                                    idataBANK0   003012
__pidataCOMRAM                                   idataCOMRAM  003068
__pintcode                                       intcode      000008
__pintcode_body                                  intcode_body 001340
__psmallconst                                    smallconst   001000
__ptext0                                         text0        002CBA
__ptext1                                         text1        0031A2
__ptext10                                        text10       00234C
__ptext11                                        text11       002724
__ptext12                                        text12       001D54
__ptext13                                        text13       002912
__ptext14                                        text14       00298A
__ptext15                                        text15       002D06
__ptext16                                        text16       0030B6
__ptext17                                        text17       002AE0
__ptext18                                        text18       00269E
__ptext19                                        text19       00260E
__ptext2                                         text2        002A02
__ptext20                                        text20       0017E8
__ptext21                                        text21       001952
__ptext22                                        text22       001656
__ptext23                                        text23       0023FE
__ptext24                                        text24       0020FC
__ptext25                                        text25       002D50
__ptext27                                        text27       002E54
__ptext28                                        text28       002BAC
__ptext29                                        text29       002E8A
__ptext3                                         text3        001F5C
__ptext30                                        text30       002C08
__ptext31                                        text31       002EC0
__ptext32                                        text32       002EF2
__ptext33                                        text33       002F24
__ptext34                                        text34       002F56
__ptext35                                        text35       003122
__ptext36                                        text36       002DE0
__ptext37                                        text37       003144
__ptext38                                        text38       002F88
__ptext39                                        text39       002FB6
__ptext4                                         text4        0027A2
__ptext40                                        text40       002FE4
__ptext41                                        text41       002B4C
__ptext42                                        text42       001012
__ptext43                                        text43       0024B0
__ptext44                                        text44       002288
__ptext45                                        text45       0021C2
__ptext46                                        text46       00281E
__ptext47                                        text47       0030DA
__ptext48                                        text48       002D9A
__ptext49                                        text49       003184
__ptext5                                         text5        003090
__ptext50                                        text50       001C1E
__ptext51                                        text51       001ABA
__ptext52                                        text52       001E86
__ptext53                                        text53       002560
__ptext54                                        text54       002898
__ptext55                                        text55       0030FE
__ptext56                                        text56       00303E
__ptext57                                        text57       000000
__ptext6                                         text6        002E1C
__ptext7                                         text7        002030
__ptext8                                         text8        003166
__ptext9                                         text9        002A74
__ramtop                                         ramtop       001000
__smallconst                                     smallconst   001000
_application_init                                text1        0031A2
_btn_values                                      smallconst   001001
_clk_hours                                       bssCOMRAM    000067
_clk_minutes                                     bssCOMRAM    000066
_clk_seconds                                     bssCOMRAM    000065
_flag_RB                                         dataCOMRAM   000015
_g_int0Obj_changeProgram                         dataBANK0    000098
_g_int1Obj_changeClock                           dataBANK0    000092
_g_intRB1_reset                                  dataCOMRAM   000024
_g_intRB2_stop                                   dataBANK0    0000A7
_g_intRB3_resume                                 dataBANK0    0000A3
_g_keyObj                                        dataBANK0    00008A
_g_segClock                                      dataBANK0    00009E
_g_tmr1Obj                                       dataCOMRAM   00001A
_g_tmr3Obj                                       dataCOMRAM   00001F
_interrupt1_callBackNotify_changeProgram         text41       002B4C
_interrupt2_callBackNotify_changeClock           text42       001012
_main                                            text0        002CBA
_program                                         bssCOMRAM    00005F
_reset_stopWatch                                 text36       002DE0
_resume_stopWatch                                text35       003122
_ret                                             dataCOMRAM   000019
_seven_segment_initialize                        text17       002AE0
_stop_stopWatch                                  text37       003144
_timer1_RW_reg_size_select                       text5        003090
_timer1_mode_select                              text4        0027A2
_timer1_preload                                  bssCOMRAM    000049
_timer3_RW_reg_size_select                       text55       0030FE
_timer3_mode_select                              text54       002898
_timer3_preload                                  bssCOMRAM    00004D
_tmr1_callBackNotify                             text30       002C08
_tmr1_flag                                       bssCOMRAM    000064
_tmr3_callBackNotify                             text28       002BAC
_tmr3_flag                                       bssCOMRAM    000060
_value                                           bssCOMRAM    000068
_w_hours                                         bssCOMRAM    000063
_w_minutes                                       bssCOMRAM    000062
_w_seconds                                       bssCOMRAM    000061
btemp                                            temp         000069
end_of_initialization                            cinit        002CB0
i2GPIO_pin_write_logic@_logic                    cstackCOMRAM 00002A
i2GPIO_pin_write_logic@_pin_config_ptr           cstackCOMRAM 000028
i2GPIO_pin_write_logic@ret                       cstackCOMRAM 000031
i2GPIO_port_write_logic@_port                    cstackCOMRAM 000034
i2GPIO_port_write_logic@port_logic               cstackCOMRAM 000030
i2GPIO_port_write_logic@ret                      cstackCOMRAM 000033
i2Timer1_Init@_timer1                            cstackCOMRAM 00002A
i2_GPIO_pin_write_logic                          text51       001ABA
i2_GPIO_port_write_logic                         text48       002D9A
i2_Timer1_Init                                   text45       0021C2
i2___awdiv                                       text44       002288
i2___awdiv@counter                               cstackCOMRAM 00002C
i2___awdiv@dividend                              cstackCOMRAM 000028
i2___awdiv@divisor                               cstackCOMRAM 00002A
i2___awdiv@quotient                              cstackCOMRAM 00002E
i2___awdiv@sign                                  cstackCOMRAM 00002D
i2___awmod                                       text43       0024B0
i2___awmod@counter                               cstackCOMRAM 00002C
i2___awmod@dividend                              cstackCOMRAM 000028
i2___awmod@divisor                               cstackCOMRAM 00002A
i2___awmod@sign                                  cstackCOMRAM 00002D
i2_timer1_RW_reg_size_select                     text47       0030DA
i2_timer1_mode_select                            text46       00281E
i2timer1_RW_reg_size_select@_timer1              cstackCOMRAM 000028
i2timer1_mode_select@_timer1                     cstackCOMRAM 000028
int$flags                                        temp         000069
int_func                                         intcode_body 001340
interrupt2_callBackNotify_changeClock@temp       cstackCOMRAM 00003E
intlevel0                                        text         000000
intlevel1                                        text         000000
intlevel2                                        text         000000
intlevel3                                        text         000000
isa$std                                          (abs)        000001
isa$xinst                                        (abs)        000000
reset_stopWatch@flag                             cstackCOMRAM 00002F
resume_stopWatch@flag                            cstackCOMRAM 00002F
seven_segment_initialize@ret                     cstackBANK0  0000BB
seven_segment_initialize@segment_ptr             cstackBANK0  0000B9
stackhi                                          (abs)        000000
stacklo                                          (abs)        000000
start                                            init         00000E
start_initialization                             cinit        002C64
stop_stopWatch@flag                              cstackCOMRAM 00002B
timer1_RW_reg_size_select@_timer1                cstackBANK0  0000AB
timer1_mode_select@_timer1                       cstackBANK0  0000AB
timer3_RW_reg_size_select@_timer3                cstackCOMRAM 000028
timer3_mode_select@_timer3                       cstackCOMRAM 000028
ttemp5                                           temp         00006A
ttemp6                                           temp         00006D
ttemp7                                           temp         000071
wtemp8                                           temp         00006A


MODULE INFORMATION

Module		Function		Class		Link	Load	Size
MCAL_Layer/interrupt/mcal_external_interrupt.c
		_Interrupt_INTx_Edge_init		CODE           	1D54	0000	306
		_Interrupt_INTx_Clear_Flag		CODE           	298A	0000	120
		_Interrupt_INTx_Enable		CODE           	2724	0000	126
		_INT_RB6_ISR   		CODE           	2EF2	0000	50
		_Interrupt_RBx_Pin_init		CODE           	2030	0000	204
		_Interrupt_INTx_Init		CODE           	2A74	0000	108
		_INT_RB5_ISR   		CODE           	2F24	0000	50
		_Interrupt_INTx_Pin_init		CODE           	234C	0000	178
		_Interrupt_INTx_Disable		CODE           	2912	0000	120
		_Interrupt_RBx_Enable		CODE           	3166	0000	30
		_INT0_ISR      		CODE           	2FE4	0000	46
		_Interrupt_RBx_Init		CODE           	2E1C	0000	56
		_INT1_ISR      		CODE           	2FB6	0000	46
		_INT_RB4_ISR   		CODE           	2F56	0000	50
		_INT_RB7_ISR   		CODE           	2EC0	0000	50
		_INT2_ISR      		CODE           	2F88	0000	46

MCAL_Layer/interrupt/mcal_external_interrupt.c estimated size: 1586

C:\Program Files\Microchip\xc8\v2.40\pic\sources\c99\common\awdiv.c
		___awdiv       		CODE           	20FC	0000	198

C:\Program Files\Microchip\xc8\v2.40\pic\sources\c99\common\awdiv.c estimated size: 198

MCAL_Layer/MCAL_Layer_init.c
		_MCAL_Layer_init		CODE           	2A02	0000	114

MCAL_Layer/MCAL_Layer_init.c estimated size: 114

App/App.c
		_interrupt2_callBackNotify_changeClock		CODE           	1012	0000	814
		_stop_stopWatch		CODE           	3144	0000	34
		_interrupt1_callBackNotify_changeProgram		CODE           	2B4C	0000	96
		_main          		CODE           	2CBA	0000	76
		_reset_stopWatch		CODE           	2DE0	0000	60
		_resume_stopWatch		CODE           	3122	0000	34
		_tmr1_callBackNotify		CODE           	2C08	0000	92
		_application_init		CODE           	31A2	0000	14
		_tmr3_callBackNotify		CODE           	2BAC	0000	92
		_Display_clock 		CODE           	1656	0000	402

App/App.c estimated size: 1714

ECU_Layer/Keypad/Keypad_matrix.c
		_Keypad_init   		CODE           	269E	0000	134
		_Keypad_getValue		CODE           	1C1E	0000	310

ECU_Layer/Keypad/Keypad_matrix.c estimated size: 444

MCAL_Layer/Timer3/Timer3.c
		_timer3_RW_reg_size_select		CODE           	30FE	0000	36
		_TMR3_ISR      		CODE           	2E54	0000	54
		_timer3_mode_select		CODE           	2898	0000	122
		_Timer3_Init   		CODE           	2560	0000	174
		_Timer3_DeInit 		CODE           	303E	0000	42

MCAL_Layer/Timer3/Timer3.c estimated size: 428

shared
		i2_GPIO_port_write_logic		CODE           	2D9A	0000	70
		i2_timer1_mode_select		CODE           	281E	0000	122
		i2___awdiv     		CODE           	2288	0000	196
		i2_Timer1_Init 		CODE           	21C2	0000	198
		_btn_values    		SMALLCONST     	1001	0000	16
		__initialization		CODE           	2C64	0000	76
		i2_timer1_RW_reg_size_select		CODE           	30DA	0000	36
		i2___awmod     		CODE           	24B0	0000	176
		i2_GPIO_pin_write_logic		CODE           	1ABA	0000	356

shared estimated size: 1246

MCAL_Layer/GPIO/hal_gpio.c
		_GPIO_pin_write_logic		CODE           	17E8	0000	362
		_GPIO_pin_read_logic		CODE           	1E86	0000	214
		_GPIO_pin_direction_initialize		CODE           	1952	0000	360
		_GPIO_port_direction_initialize		CODE           	2D06	0000	74
		_GPIO_pin_initialize		CODE           	260E	0000	144
		_GPIO_port_write_logic		CODE           	2D50	0000	74

MCAL_Layer/GPIO/hal_gpio.c estimated size: 1228

ECU_Layer/7Seg/ecu_7segment.c
		_seven_segment_initialize		CODE           	2AE0	0000	108

ECU_Layer/7Seg/ecu_7segment.c estimated size: 108

C:\Program Files\Microchip\xc8\v2.40\pic\sources\c99\common\awmod.c
		___awmod       		CODE           	23FE	0000	178

C:\Program Files\Microchip\xc8\v2.40\pic\sources\c99\common\awmod.c estimated size: 178

ECU_Layer/ECU_Layer_init.c
		_ECU_Layer_init		CODE           	30B6	0000	36

ECU_Layer/ECU_Layer_init.c estimated size: 36

MCAL_Layer/Timer1/Timer1.c
		_timer1_RW_reg_size_select		CODE           	3090	0000	38
		_timer1_mode_select		CODE           	27A2	0000	124
		_Timer1_Init   		CODE           	1F5C	0000	212
		_Timer1_DeInit 		CODE           	3184	0000	30
		_TMR1_ISR      		CODE           	2E8A	0000	54

MCAL_Layer/Timer1/Timer1.c estimated size: 458

MCAL_Layer/interrupt/mcal_interrupt_manager.c
		_InterruptManager		CODE           	0008	0000	796

MCAL_Layer/interrupt/mcal_interrupt_manager.c estimated size: 796

