Archive member included because of file (symbol)

c:/winavr-20100110/bin/../lib/gcc/avr/4.3.3/avr5\libgcc.a(_exit.o)
                              c:/winavr-20100110/bin/../lib/gcc/avr/4.3.3/../../../../avr/lib/avr5/crtm16.o (exit)
c:/winavr-20100110/bin/../lib/gcc/avr/4.3.3/avr5\libgcc.a(_copy_data.o)
                              ./MCAL_init/Timer_16bit/hal_timer1.o (__do_copy_data)
c:/winavr-20100110/bin/../lib/gcc/avr/4.3.3/avr5\libgcc.a(_clear_bss.o)
                              ./MCAL_init/Timer_16bit/hal_timer1.o (__do_clear_bss)
c:/winavr-20100110/bin/../lib/gcc/avr/4.3.3/avr5\libgcc.a(_fixunssfsi.o)
                              ./MCAL_init/USART/usart.o (__fixunssfsi)
c:/winavr-20100110/bin/../lib/gcc/avr/4.3.3/avr5\libgcc.a(_addsub_sf.o)
                              c:/winavr-20100110/bin/../lib/gcc/avr/4.3.3/avr5\libgcc.a(_fixunssfsi.o) (__subsf3)
c:/winavr-20100110/bin/../lib/gcc/avr/4.3.3/avr5\libgcc.a(_mul_sf.o)
                              ./MCAL_init/USART/usart.o (__mulsf3)
c:/winavr-20100110/bin/../lib/gcc/avr/4.3.3/avr5\libgcc.a(_div_sf.o)
                              ./MCAL_init/USART/usart.o (__divsf3)
c:/winavr-20100110/bin/../lib/gcc/avr/4.3.3/avr5\libgcc.a(_ge_sf.o)
                              c:/winavr-20100110/bin/../lib/gcc/avr/4.3.3/avr5\libgcc.a(_fixunssfsi.o) (__gesf2)
c:/winavr-20100110/bin/../lib/gcc/avr/4.3.3/avr5\libgcc.a(_sf_to_si.o)
                              c:/winavr-20100110/bin/../lib/gcc/avr/4.3.3/avr5\libgcc.a(_fixunssfsi.o) (__fixsfsi)
c:/winavr-20100110/bin/../lib/gcc/avr/4.3.3/avr5\libgcc.a(_thenan_sf.o)
                              c:/winavr-20100110/bin/../lib/gcc/avr/4.3.3/avr5\libgcc.a(_addsub_sf.o) (__thenan_sf)
c:/winavr-20100110/bin/../lib/gcc/avr/4.3.3/avr5\libgcc.a(_usi_to_sf.o)
                              ./MCAL_init/USART/usart.o (__floatunsisf)
c:/winavr-20100110/bin/../lib/gcc/avr/4.3.3/avr5\libgcc.a(_prologue.o)
                              c:/winavr-20100110/bin/../lib/gcc/avr/4.3.3/avr5\libgcc.a(_addsub_sf.o) (__prologue_saves__)
c:/winavr-20100110/bin/../lib/gcc/avr/4.3.3/avr5\libgcc.a(_epilogue.o)
                              c:/winavr-20100110/bin/../lib/gcc/avr/4.3.3/avr5\libgcc.a(_addsub_sf.o) (__epilogue_restores__)
c:/winavr-20100110/bin/../lib/gcc/avr/4.3.3/avr5\libgcc.a(_clzsi2.o)
                              c:/winavr-20100110/bin/../lib/gcc/avr/4.3.3/avr5\libgcc.a(_usi_to_sf.o) (__clzsi2)
c:/winavr-20100110/bin/../lib/gcc/avr/4.3.3/avr5\libgcc.a(_pack_sf.o)
                              c:/winavr-20100110/bin/../lib/gcc/avr/4.3.3/avr5\libgcc.a(_addsub_sf.o) (__pack_f)
c:/winavr-20100110/bin/../lib/gcc/avr/4.3.3/avr5\libgcc.a(_unpack_sf.o)
                              c:/winavr-20100110/bin/../lib/gcc/avr/4.3.3/avr5\libgcc.a(_addsub_sf.o) (__unpack_f)
c:/winavr-20100110/bin/../lib/gcc/avr/4.3.3/avr5\libgcc.a(_fpcmp_parts_sf.o)
                              c:/winavr-20100110/bin/../lib/gcc/avr/4.3.3/avr5\libgcc.a(_ge_sf.o) (__fpcmp_parts_f)
c:/winavr-20100110/bin/../lib/gcc/avr/4.3.3/avr5\libgcc.a(_clz.o)
                              c:/winavr-20100110/bin/../lib/gcc/avr/4.3.3/avr5\libgcc.a(_clzsi2.o) (__clz_tab)

Memory Configuration

Name             Origin             Length             Attributes
text             0x00000000         0x00020000         xr
data             0x00800060         0x0000ffa0         rw !x
eeprom           0x00810000         0x00010000         rw !x
fuse             0x00820000         0x00000400         rw !x
lock             0x00830000         0x00000400         rw !x
signature        0x00840000         0x00000400         rw !x
*default*        0x00000000         0xffffffff

Linker script and memory map

LOAD c:/winavr-20100110/bin/../lib/gcc/avr/4.3.3/../../../../avr/lib/avr5/crtm16.o
LOAD ./MCAL_init/USART/usart.o
LOAD ./MCAL_init/Timer_16bit/hal_timer1.o
LOAD ./MCAL_init/I2C_Driver/I2C.o
LOAD ./MCAL_init/DIO_Driver/hal_DIO.o
LOAD ./MCAL_init/mcal_init.o
LOAD ./HAL_init/motor/ecu_motor.o
LOAD ./HAL_init/External_EEPROM/external_eeprom.o
LOAD ./HAL_init/hal_init.o
LOAD ./APP_layer/App.o
LOAD c:/winavr-20100110/bin/../lib/gcc/avr/4.3.3/avr5\libgcc.a
LOAD c:/winavr-20100110/bin/../lib/gcc/avr/4.3.3/../../../../avr/lib/avr5\libc.a
LOAD c:/winavr-20100110/bin/../lib/gcc/avr/4.3.3/avr5\libgcc.a

.hash
 *(.hash)

.dynsym
 *(.dynsym)

.dynstr
 *(.dynstr)

.gnu.version
 *(.gnu.version)

.gnu.version_d
 *(.gnu.version_d)

.gnu.version_r
 *(.gnu.version_r)

.rel.init
 *(.rel.init)

.rela.init
 *(.rela.init)

.rel.text
 *(.rel.text)
 *(.rel.text.*)
 *(.rel.gnu.linkonce.t*)

.rela.text
 *(.rela.text)
 *(.rela.text.*)
 *(.rela.gnu.linkonce.t*)

.rel.fini
 *(.rel.fini)

.rela.fini
 *(.rela.fini)

.rel.rodata
 *(.rel.rodata)
 *(.rel.rodata.*)
 *(.rel.gnu.linkonce.r*)

.rela.rodata
 *(.rela.rodata)
 *(.rela.rodata.*)
 *(.rela.gnu.linkonce.r*)

.rel.data
 *(.rel.data)
 *(.rel.data.*)
 *(.rel.gnu.linkonce.d*)

.rela.data
 *(.rela.data)
 *(.rela.data.*)
 *(.rela.gnu.linkonce.d*)

.rel.ctors
 *(.rel.ctors)

.rela.ctors
 *(.rela.ctors)

.rel.dtors
 *(.rel.dtors)

.rela.dtors
 *(.rela.dtors)

.rel.got
 *(.rel.got)

.rela.got
 *(.rela.got)

.rel.bss
 *(.rel.bss)

.rela.bss
 *(.rela.bss)

.rel.plt
 *(.rel.plt)

.rela.plt
 *(.rela.plt)

.text           0x00000000     0x2b5c
 *(.vectors)
 .vectors       0x00000000       0x54 c:/winavr-20100110/bin/../lib/gcc/avr/4.3.3/../../../../avr/lib/avr5/crtm16.o
                0x00000000                __vectors
                0x00000000                __vector_default
 *(.vectors)
 *(.progmem.gcc*)
 *(.progmem*)
                0x00000054                . = ALIGN (0x2)
                0x00000054                __trampolines_start = .
 *(.trampolines)
 .trampolines   0x00000054        0x0 linker stubs
 *(.trampolines*)
                0x00000054                __trampolines_end = .
 *(.jumptables)
 *(.jumptables*)
 *(.lowtext)
 *(.lowtext*)
                0x00000054                __ctors_start = .
 *(.ctors)
                0x00000054                __ctors_end = .
                0x00000054                __dtors_start = .
 *(.dtors)
                0x00000054                __dtors_end = .
 SORT(*)(.ctors)
 SORT(*)(.dtors)
 *(.init0)
 .init0         0x00000054        0x0 c:/winavr-20100110/bin/../lib/gcc/avr/4.3.3/../../../../avr/lib/avr5/crtm16.o
                0x00000054                __init
 *(.init0)
 *(.init1)
 *(.init1)
 *(.init2)
 .init2         0x00000054        0xc c:/winavr-20100110/bin/../lib/gcc/avr/4.3.3/../../../../avr/lib/avr5/crtm16.o
 *(.init2)
 *(.init3)
 *(.init3)
 *(.init4)
 .init4         0x00000060       0x16 c:/winavr-20100110/bin/../lib/gcc/avr/4.3.3/avr5\libgcc.a(_copy_data.o)
                0x00000060                __do_copy_data
 .init4         0x00000076       0x10 c:/winavr-20100110/bin/../lib/gcc/avr/4.3.3/avr5\libgcc.a(_clear_bss.o)
                0x00000076                __do_clear_bss
 *(.init4)
 *(.init5)
 *(.init5)
 *(.init6)
 *(.init6)
 *(.init7)
 *(.init7)
 *(.init8)
 *(.init8)
 *(.init9)
 .init9         0x00000086        0x8 c:/winavr-20100110/bin/../lib/gcc/avr/4.3.3/../../../../avr/lib/avr5/crtm16.o
 *(.init9)
 *(.text)
 .text          0x0000008e        0x4 c:/winavr-20100110/bin/../lib/gcc/avr/4.3.3/../../../../avr/lib/avr5/crtm16.o
                0x0000008e                __vector_1
                0x0000008e                __vector_12
                0x0000008e                __bad_interrupt
                0x0000008e                __vector_6
                0x0000008e                __vector_3
                0x0000008e                __vector_11
                0x0000008e                __vector_13
                0x0000008e                __vector_19
                0x0000008e                __vector_7
                0x0000008e                __vector_5
                0x0000008e                __vector_4
                0x0000008e                __vector_9
                0x0000008e                __vector_2
                0x0000008e                __vector_15
                0x0000008e                __vector_14
                0x0000008e                __vector_10
                0x0000008e                __vector_16
                0x0000008e                __vector_18
                0x0000008e                __vector_20
 .text          0x00000092        0x0 ./MCAL_init/USART/usart.o
 .text          0x00000092        0x0 ./MCAL_init/Timer_16bit/hal_timer1.o
 .text          0x00000092        0x0 ./MCAL_init/I2C_Driver/I2C.o
 .text          0x00000092        0x0 ./MCAL_init/DIO_Driver/hal_DIO.o
 .text          0x00000092        0x0 ./MCAL_init/mcal_init.o
 .text          0x00000092        0x0 ./HAL_init/motor/ecu_motor.o
 .text          0x00000092        0x0 ./HAL_init/External_EEPROM/external_eeprom.o
 .text          0x00000092        0x0 ./HAL_init/hal_init.o
 .text          0x00000092        0x0 ./APP_layer/App.o
 .text          0x00000092        0x0 c:/winavr-20100110/bin/../lib/gcc/avr/4.3.3/avr5\libgcc.a(_exit.o)
 .text          0x00000092        0x0 c:/winavr-20100110/bin/../lib/gcc/avr/4.3.3/avr5\libgcc.a(_copy_data.o)
 .text          0x00000092        0x0 c:/winavr-20100110/bin/../lib/gcc/avr/4.3.3/avr5\libgcc.a(_clear_bss.o)
 .text          0x00000092       0x58 c:/winavr-20100110/bin/../lib/gcc/avr/4.3.3/avr5\libgcc.a(_fixunssfsi.o)
                0x00000092                __fixunssfsi
 .text          0x000000ea      0x354 c:/winavr-20100110/bin/../lib/gcc/avr/4.3.3/avr5\libgcc.a(_addsub_sf.o)
                0x00000382                __subsf3
                0x000003e4                __addsf3
 .text          0x0000043e      0x1f4 c:/winavr-20100110/bin/../lib/gcc/avr/4.3.3/avr5\libgcc.a(_mul_sf.o)
                0x0000043e                __mulsf3
 .text          0x00000632      0x158 c:/winavr-20100110/bin/../lib/gcc/avr/4.3.3/avr5\libgcc.a(_div_sf.o)
                0x00000632                __divsf3
 .text          0x0000078a       0x60 c:/winavr-20100110/bin/../lib/gcc/avr/4.3.3/avr5\libgcc.a(_ge_sf.o)
                0x0000078a                __gesf2
 .text          0x000007ea       0xa8 c:/winavr-20100110/bin/../lib/gcc/avr/4.3.3/avr5\libgcc.a(_sf_to_si.o)
                0x000007ea                __fixsfsi
 .text          0x00000892        0x0 c:/winavr-20100110/bin/../lib/gcc/avr/4.3.3/avr5\libgcc.a(_thenan_sf.o)
 .text          0x00000892       0xf2 c:/winavr-20100110/bin/../lib/gcc/avr/4.3.3/avr5\libgcc.a(_usi_to_sf.o)
                0x00000892                __floatunsisf
 .text          0x00000984        0x0 c:/winavr-20100110/bin/../lib/gcc/avr/4.3.3/avr5\libgcc.a(_prologue.o)
 .text          0x00000984        0x0 c:/winavr-20100110/bin/../lib/gcc/avr/4.3.3/avr5\libgcc.a(_epilogue.o)
 .text          0x00000984       0x9e c:/winavr-20100110/bin/../lib/gcc/avr/4.3.3/avr5\libgcc.a(_clzsi2.o)
                0x00000984                __clzsi2
 .text          0x00000a22      0x1aa c:/winavr-20100110/bin/../lib/gcc/avr/4.3.3/avr5\libgcc.a(_pack_sf.o)
                0x00000a22                __pack_f
 .text          0x00000bcc       0xf0 c:/winavr-20100110/bin/../lib/gcc/avr/4.3.3/avr5\libgcc.a(_unpack_sf.o)
                0x00000bcc                __unpack_f
 .text          0x00000cbc       0xb2 c:/winavr-20100110/bin/../lib/gcc/avr/4.3.3/avr5\libgcc.a(_fpcmp_parts_sf.o)
                0x00000cbc                __fpcmp_parts_f
 .text          0x00000d6e        0x0 c:/winavr-20100110/bin/../lib/gcc/avr/4.3.3/avr5\libgcc.a(_clz.o)
                0x00000d6e                . = ALIGN (0x2)
 *(.text.*)
 .text.USART_Init
                0x00000d6e       0xaa ./MCAL_init/USART/usart.o
                0x00000d6e                USART_Init
 .text.USART_Send_Byte_Blocking
                0x00000e18       0x64 ./MCAL_init/USART/usart.o
                0x00000e18                USART_Send_Byte_Blocking
 .text.USART_Receive_Byte_Blocking
                0x00000e7c       0x8a ./MCAL_init/USART/usart.o
                0x00000e7c                USART_Receive_Byte_Blocking
 .text.USART_sendString_Blocking
                0x00000f06       0x5a ./MCAL_init/USART/usart.o
                0x00000f06                USART_sendString_Blocking
 .text.USART_receiveString_Blocking
                0x00000f60       0xae ./MCAL_init/USART/usart.o
                0x00000f60                USART_receiveString_Blocking
 .text.set_baudRate
                0x0000100e      0x18c ./MCAL_init/USART/usart.o
 .text.set_frame_size
                0x0000119a      0x154 ./MCAL_init/USART/usart.o
 .text.timer1_init
                0x000012ee       0x76 ./MCAL_init/Timer_16bit/hal_timer1.o
                0x000012ee                timer1_init
 .text.timer1_Deinit
                0x00001364       0x48 ./MCAL_init/Timer_16bit/hal_timer1.o
                0x00001364                timer1_Deinit
 .text.timer1_write_counter_value
                0x000013ac       0x4e ./MCAL_init/Timer_16bit/hal_timer1.o
                0x000013ac                timer1_write_counter_value
 .text.timer1_read_counter_value
                0x000013fa       0x74 ./MCAL_init/Timer_16bit/hal_timer1.o
                0x000013fa                timer1_read_counter_value
 .text.timer1_set_general_mode
                0x0000146e      0x1e4 ./MCAL_init/Timer_16bit/hal_timer1.o
 .text.timer1_set_clock_source
                0x00001652      0x1ce ./MCAL_init/Timer_16bit/hal_timer1.o
 .text.__vector_8
                0x00001820       0x66 ./MCAL_init/Timer_16bit/hal_timer1.o
                0x00001820                __vector_8
 .text.TWI_init
                0x00001886       0x2c ./MCAL_init/I2C_Driver/I2C.o
                0x00001886                TWI_init
 .text.TWI_deInit
                0x000018b2       0x20 ./MCAL_init/I2C_Driver/I2C.o
                0x000018b2                TWI_deInit
 .text.TWI_start
                0x000018d2       0x26 ./MCAL_init/I2C_Driver/I2C.o
                0x000018d2                TWI_start
 .text.TWI_stop
                0x000018f8       0x1c ./MCAL_init/I2C_Driver/I2C.o
                0x000018f8                TWI_stop
 .text.TWI_write
                0x00001914       0x2e ./MCAL_init/I2C_Driver/I2C.o
                0x00001914                TWI_write
 .text.TWI_readWithACK
                0x00001942       0x26 ./MCAL_init/I2C_Driver/I2C.o
                0x00001942                TWI_readWithACK
 .text.TWI_readWithNACK
                0x00001968       0x34 ./MCAL_init/I2C_Driver/I2C.o
                0x00001968                TWI_readWithNACK
 .text.TWI_getStatus
                0x0000199c       0x1e ./MCAL_init/I2C_Driver/I2C.o
                0x0000199c                TWI_getStatus
 .text.TWI_setCallBack
                0x000019ba       0x50 ./MCAL_init/I2C_Driver/I2C.o
                0x000019ba                TWI_setCallBack
 .text.__vector_17
                0x00001a0a       0x74 ./MCAL_init/I2C_Driver/I2C.o
                0x00001a0a                __vector_17
 .text.GPIO_pin_direction_initialize
                0x00001a7e      0x10a ./MCAL_init/DIO_Driver/hal_DIO.o
                0x00001a7e                GPIO_pin_direction_initialize
 .text.GPIO_pin_initialize
                0x00001b88       0x52 ./MCAL_init/DIO_Driver/hal_DIO.o
                0x00001b88                GPIO_pin_initialize
 .text.GPIO_pin_read_direction
                0x00001bda       0x82 ./MCAL_init/DIO_Driver/hal_DIO.o
                0x00001bda                GPIO_pin_read_direction
 .text.GPIO_pin_write_logic
                0x00001c5c       0xfe ./MCAL_init/DIO_Driver/hal_DIO.o
                0x00001c5c                GPIO_pin_write_logic
 .text.GPIO_pin_read_logic
                0x00001d5a       0x82 ./MCAL_init/DIO_Driver/hal_DIO.o
                0x00001d5a                GPIO_pin_read_logic
 .text.GPIO_pin_toggle_logic
                0x00001ddc       0x8c ./MCAL_init/DIO_Driver/hal_DIO.o
                0x00001ddc                GPIO_pin_toggle_logic
 .text.GPIO_pin_PullUp_Enable
                0x00001e68       0xf8 ./MCAL_init/DIO_Driver/hal_DIO.o
                0x00001e68                GPIO_pin_PullUp_Enable
 .text.GPIO_pin_PullUp_Disable
                0x00001f60       0x8e ./MCAL_init/DIO_Driver/hal_DIO.o
                0x00001f60                GPIO_pin_PullUp_Disable
 .text.GPIO_port_direction_initialize
                0x00001fee       0x46 ./MCAL_init/DIO_Driver/hal_DIO.o
                0x00001fee                GPIO_port_direction_initialize
 .text.GPIO_port_initialize
                0x00002034       0x64 ./MCAL_init/DIO_Driver/hal_DIO.o
                0x00002034                GPIO_port_initialize
 .text.GPIO_port_read_direction
                0x00002098       0x4e ./MCAL_init/DIO_Driver/hal_DIO.o
                0x00002098                GPIO_port_read_direction
 .text.GPIO_port_write_logic
                0x000020e6       0x46 ./MCAL_init/DIO_Driver/hal_DIO.o
                0x000020e6                GPIO_port_write_logic
 .text.GPIO_port_read_logic
                0x0000212c       0x4e ./MCAL_init/DIO_Driver/hal_DIO.o
                0x0000212c                GPIO_port_read_logic
 .text.GPIO_port_toggle
                0x0000217a       0x56 ./MCAL_init/DIO_Driver/hal_DIO.o
                0x0000217a                GPIO_port_toggle
 .text.GPIO_port_PullUp_Enable
                0x000021d0       0x9c ./MCAL_init/DIO_Driver/hal_DIO.o
                0x000021d0                GPIO_port_PullUp_Enable
 .text.GPIO_port_PullUp_Disable
                0x0000226c       0x3e ./MCAL_init/DIO_Driver/hal_DIO.o
                0x0000226c                GPIO_port_PullUp_Disable
 .text.MCAL_init
                0x000022aa       0x2a ./MCAL_init/mcal_init.o
                0x000022aa                MCAL_init
 .text.Buzzer_turnON
                0x000022d4       0x1c ./MCAL_init/mcal_init.o
                0x000022d4                Buzzer_turnON
 .text.Buzzer_turnOFF
                0x000022f0       0x1c ./MCAL_init/mcal_init.o
                0x000022f0                Buzzer_turnOFF
 .text.dc_motor_init
                0x0000230c       0x44 ./HAL_init/motor/ecu_motor.o
                0x0000230c                dc_motor_init
 .text.dc_motor_move_right
                0x00002350       0x44 ./HAL_init/motor/ecu_motor.o
                0x00002350                dc_motor_move_right
 .text.dc_motor_move_left
                0x00002394       0x44 ./HAL_init/motor/ecu_motor.o
                0x00002394                dc_motor_move_left
 .text.dc_motor_stop
                0x000023d8       0x44 ./HAL_init/motor/ecu_motor.o
                0x000023d8                dc_motor_stop
 .text.EEPROM24C16_writeByte
                0x0000241c       0x80 ./HAL_init/External_EEPROM/external_eeprom.o
                0x0000241c                EEPROM24C16_writeByte
 .text.EEPROM24C16_readByte
                0x0000249c       0x9e ./HAL_init/External_EEPROM/external_eeprom.o
                0x0000249c                EEPROM24C16_readByte
 .text.EEPROM24C16_writeBlock
                0x0000253a       0xb8 ./HAL_init/External_EEPROM/external_eeprom.o
                0x0000253a                EEPROM24C16_writeBlock
 .text.EEPROM24C16_readBlock
                0x000025f2      0x106 ./HAL_init/External_EEPROM/external_eeprom.o
                0x000025f2                EEPROM24C16_readBlock
 .text.HAL_init
                0x000026f8       0x1e ./HAL_init/hal_init.o
                0x000026f8                HAL_init
 .text.main     0x00002716      0x1c8 ./APP_layer/App.o
                0x00002716                main
 .text.application_initialize
                0x000028de       0x1e ./APP_layer/App.o
                0x000028de                application_initialize
 .text.tmr_callBackNotify
                0x000028fc       0x3c ./APP_layer/App.o
                0x000028fc                tmr_callBackNotify
 .text.password_validation
                0x00002938       0x92 ./APP_layer/App.o
                0x00002938                password_validation
 .text.change_password
                0x000029ca       0x5a ./APP_layer/App.o
                0x000029ca                change_password
 .text.door_option_hanlder
                0x00002a24       0x86 ./APP_layer/App.o
                0x00002a24                door_option_hanlder
 .text.invalid_password_handler
                0x00002aaa       0x40 ./APP_layer/App.o
                0x00002aaa                invalid_password_handler
 .text.libgcc   0x00002aea        0x0 c:/winavr-20100110/bin/../lib/gcc/avr/4.3.3/avr5\libgcc.a(_exit.o)
 .text.libgcc   0x00002aea        0x0 c:/winavr-20100110/bin/../lib/gcc/avr/4.3.3/avr5\libgcc.a(_copy_data.o)
 .text.libgcc   0x00002aea        0x0 c:/winavr-20100110/bin/../lib/gcc/avr/4.3.3/avr5\libgcc.a(_clear_bss.o)
 .text.libgcc   0x00002aea       0x38 c:/winavr-20100110/bin/../lib/gcc/avr/4.3.3/avr5\libgcc.a(_prologue.o)
                0x00002aea                __prologue_saves__
 .text.libgcc   0x00002b22       0x36 c:/winavr-20100110/bin/../lib/gcc/avr/4.3.3/avr5\libgcc.a(_epilogue.o)
                0x00002b22                __epilogue_restores__
                0x00002b58                . = ALIGN (0x2)
 *(.fini9)
 .fini9         0x00002b58        0x0 c:/winavr-20100110/bin/../lib/gcc/avr/4.3.3/avr5\libgcc.a(_exit.o)
                0x00002b58                exit
                0x00002b58                _exit
 *(.fini9)
 *(.fini8)
 *(.fini8)
 *(.fini7)
 *(.fini7)
 *(.fini6)
 *(.fini6)
 *(.fini5)
 *(.fini5)
 *(.fini4)
 *(.fini4)
 *(.fini3)
 *(.fini3)
 *(.fini2)
 *(.fini2)
 *(.fini1)
 *(.fini1)
 *(.fini0)
 .fini0         0x00002b58        0x4 c:/winavr-20100110/bin/../lib/gcc/avr/4.3.3/avr5\libgcc.a(_exit.o)
 *(.fini0)
                0x00002b5c                _etext = .

.data           0x00800060      0x148 load address 0x00002b5c
                0x00800060                PROVIDE (__data_start, .)
 *(.data)
 .data          0x00800060        0x0 c:/winavr-20100110/bin/../lib/gcc/avr/4.3.3/../../../../avr/lib/avr5/crtm16.o
 .data          0x00800060        0x0 ./MCAL_init/USART/usart.o
 .data          0x00800060        0x0 ./MCAL_init/Timer_16bit/hal_timer1.o
 .data          0x00800060        0x0 ./MCAL_init/I2C_Driver/I2C.o
 .data          0x00800060        0x0 ./MCAL_init/DIO_Driver/hal_DIO.o
 .data          0x00800060        0x0 ./MCAL_init/mcal_init.o
 .data          0x00800060        0x0 ./HAL_init/motor/ecu_motor.o
 .data          0x00800060        0x0 ./HAL_init/External_EEPROM/external_eeprom.o
 .data          0x00800060        0x0 ./HAL_init/hal_init.o
 .data          0x00800060        0x0 ./APP_layer/App.o
 .data          0x00800060        0x0 c:/winavr-20100110/bin/../lib/gcc/avr/4.3.3/avr5\libgcc.a(_exit.o)
 .data          0x00800060        0x0 c:/winavr-20100110/bin/../lib/gcc/avr/4.3.3/avr5\libgcc.a(_copy_data.o)
 .data          0x00800060        0x0 c:/winavr-20100110/bin/../lib/gcc/avr/4.3.3/avr5\libgcc.a(_clear_bss.o)
 .data          0x00800060        0x0 c:/winavr-20100110/bin/../lib/gcc/avr/4.3.3/avr5\libgcc.a(_fixunssfsi.o)
 .data          0x00800060        0x0 c:/winavr-20100110/bin/../lib/gcc/avr/4.3.3/avr5\libgcc.a(_addsub_sf.o)
 .data          0x00800060        0x0 c:/winavr-20100110/bin/../lib/gcc/avr/4.3.3/avr5\libgcc.a(_mul_sf.o)
 .data          0x00800060        0x0 c:/winavr-20100110/bin/../lib/gcc/avr/4.3.3/avr5\libgcc.a(_div_sf.o)
 .data          0x00800060        0x0 c:/winavr-20100110/bin/../lib/gcc/avr/4.3.3/avr5\libgcc.a(_ge_sf.o)
 .data          0x00800060        0x0 c:/winavr-20100110/bin/../lib/gcc/avr/4.3.3/avr5\libgcc.a(_sf_to_si.o)
 .data          0x00800060        0x8 c:/winavr-20100110/bin/../lib/gcc/avr/4.3.3/avr5\libgcc.a(_thenan_sf.o)
                0x00800060                __thenan_sf
 .data          0x00800068        0x0 c:/winavr-20100110/bin/../lib/gcc/avr/4.3.3/avr5\libgcc.a(_usi_to_sf.o)
 .data          0x00800068        0x0 c:/winavr-20100110/bin/../lib/gcc/avr/4.3.3/avr5\libgcc.a(_prologue.o)
 .data          0x00800068        0x0 c:/winavr-20100110/bin/../lib/gcc/avr/4.3.3/avr5\libgcc.a(_epilogue.o)
 .data          0x00800068        0x0 c:/winavr-20100110/bin/../lib/gcc/avr/4.3.3/avr5\libgcc.a(_clzsi2.o)
 .data          0x00800068        0x0 c:/winavr-20100110/bin/../lib/gcc/avr/4.3.3/avr5\libgcc.a(_pack_sf.o)
 .data          0x00800068        0x0 c:/winavr-20100110/bin/../lib/gcc/avr/4.3.3/avr5\libgcc.a(_unpack_sf.o)
 .data          0x00800068        0x0 c:/winavr-20100110/bin/../lib/gcc/avr/4.3.3/avr5\libgcc.a(_fpcmp_parts_sf.o)
 .data          0x00800068      0x100 c:/winavr-20100110/bin/../lib/gcc/avr/4.3.3/avr5\libgcc.a(_clz.o)
                0x00800068                __clz_tab
 *(.data*)
 .data.DDR_registers
                0x00800168        0x8 ./MCAL_init/DIO_Driver/hal_DIO.o
                0x00800168                DDR_registers
 .data.PORT_registers
                0x00800170        0x8 ./MCAL_init/DIO_Driver/hal_DIO.o
                0x00800170                PORT_registers
 .data.PIN_registers
                0x00800178        0x8 ./MCAL_init/DIO_Driver/hal_DIO.o
                0x00800178                PIN_registers
 .data.g_uartObj2
                0x00800180        0xb ./MCAL_init/mcal_init.o
                0x00800180                g_uartObj2
 .data.ret      0x0080018b        0x1 ./APP_layer/App.o
                0x0080018b                ret
 .data._delay_sec
                0x0080018c        0x1 ./APP_layer/App.o
                0x0080018c                _delay_sec
 .data.g_password
                0x0080018d        0x8 ./APP_layer/App.o
                0x0080018d                g_password
 .data.g_password_length
                0x00800195        0x1 ./APP_layer/App.o
                0x00800195                g_password_length
 *(.rodata)
 *(.rodata*)
 .rodata.prescaler_value_map
                0x00800196        0xa ./MCAL_init/Timer_16bit/hal_timer1.o
 .rodata.g_buzzerObj
                0x008001a0        0x1 ./MCAL_init/mcal_init.o
                0x008001a0                g_buzzerObj
 .rodata.g_tmr1Obj
                0x008001a1        0x4 ./MCAL_init/mcal_init.o
                0x008001a1                g_tmr1Obj
 .rodata.g_dcMotorObj
                0x008001a5        0x2 ./HAL_init/hal_init.o
                0x008001a5                g_dcMotorObj
 *(.gnu.linkonce.d*)
                0x008001a8                . = ALIGN (0x2)
 *fill*         0x008001a7        0x1 00
                0x008001a8                _edata = .
                0x008001a8                PROVIDE (__data_end, .)

.bss            0x008001a8       0x10
                0x008001a8                PROVIDE (__bss_start, .)
 *(.bss)
 .bss           0x008001a8        0x0 c:/winavr-20100110/bin/../lib/gcc/avr/4.3.3/../../../../avr/lib/avr5/crtm16.o
 .bss           0x008001a8        0x0 ./MCAL_init/USART/usart.o
 .bss           0x008001a8        0x0 ./MCAL_init/Timer_16bit/hal_timer1.o
 .bss           0x008001a8        0x0 ./MCAL_init/I2C_Driver/I2C.o
 .bss           0x008001a8        0x0 ./MCAL_init/DIO_Driver/hal_DIO.o
 .bss           0x008001a8        0x0 ./MCAL_init/mcal_init.o
 .bss           0x008001a8        0x0 ./HAL_init/motor/ecu_motor.o
 .bss           0x008001a8        0x0 ./HAL_init/External_EEPROM/external_eeprom.o
 .bss           0x008001a8        0x0 ./HAL_init/hal_init.o
 .bss           0x008001a8        0x0 ./APP_layer/App.o
 .bss           0x008001a8        0x0 c:/winavr-20100110/bin/../lib/gcc/avr/4.3.3/avr5\libgcc.a(_exit.o)
 .bss           0x008001a8        0x0 c:/winavr-20100110/bin/../lib/gcc/avr/4.3.3/avr5\libgcc.a(_copy_data.o)
 .bss           0x008001a8        0x0 c:/winavr-20100110/bin/../lib/gcc/avr/4.3.3/avr5\libgcc.a(_clear_bss.o)
 .bss           0x008001a8        0x0 c:/winavr-20100110/bin/../lib/gcc/avr/4.3.3/avr5\libgcc.a(_fixunssfsi.o)
 .bss           0x008001a8        0x0 c:/winavr-20100110/bin/../lib/gcc/avr/4.3.3/avr5\libgcc.a(_addsub_sf.o)
 .bss           0x008001a8        0x0 c:/winavr-20100110/bin/../lib/gcc/avr/4.3.3/avr5\libgcc.a(_mul_sf.o)
 .bss           0x008001a8        0x0 c:/winavr-20100110/bin/../lib/gcc/avr/4.3.3/avr5\libgcc.a(_div_sf.o)
 .bss           0x008001a8        0x0 c:/winavr-20100110/bin/../lib/gcc/avr/4.3.3/avr5\libgcc.a(_ge_sf.o)
 .bss           0x008001a8        0x0 c:/winavr-20100110/bin/../lib/gcc/avr/4.3.3/avr5\libgcc.a(_sf_to_si.o)
 .bss           0x008001a8        0x0 c:/winavr-20100110/bin/../lib/gcc/avr/4.3.3/avr5\libgcc.a(_thenan_sf.o)
 .bss           0x008001a8        0x0 c:/winavr-20100110/bin/../lib/gcc/avr/4.3.3/avr5\libgcc.a(_usi_to_sf.o)
 .bss           0x008001a8        0x0 c:/winavr-20100110/bin/../lib/gcc/avr/4.3.3/avr5\libgcc.a(_prologue.o)
 .bss           0x008001a8        0x0 c:/winavr-20100110/bin/../lib/gcc/avr/4.3.3/avr5\libgcc.a(_epilogue.o)
 .bss           0x008001a8        0x0 c:/winavr-20100110/bin/../lib/gcc/avr/4.3.3/avr5\libgcc.a(_clzsi2.o)
 .bss           0x008001a8        0x0 c:/winavr-20100110/bin/../lib/gcc/avr/4.3.3/avr5\libgcc.a(_pack_sf.o)
 .bss           0x008001a8        0x0 c:/winavr-20100110/bin/../lib/gcc/avr/4.3.3/avr5\libgcc.a(_unpack_sf.o)
 .bss           0x008001a8        0x0 c:/winavr-20100110/bin/../lib/gcc/avr/4.3.3/avr5\libgcc.a(_fpcmp_parts_sf.o)
 .bss           0x008001a8        0x0 c:/winavr-20100110/bin/../lib/gcc/avr/4.3.3/avr5\libgcc.a(_clz.o)
 *(.bss*)
 .bss.tmr1_IRQHandller_OVF
                0x008001a8        0x2 ./MCAL_init/Timer_16bit/hal_timer1.o
 .bss.TWI_callBackNotify
                0x008001aa        0x2 ./MCAL_init/I2C_Driver/I2C.o
 .bss.g_operation_status
                0x008001ac        0x1 ./APP_layer/App.o
                0x008001ac                g_operation_status
 .bss.g_passwordExistance
                0x008001ad        0x1 ./APP_layer/App.o
                0x008001ad                g_passwordExistance
 .bss.g_userEnteredPassword
                0x008001ae        0x8 ./APP_layer/App.o
                0x008001ae                g_userEnteredPassword
 .bss.g_userPassword_length
                0x008001b6        0x1 ./APP_layer/App.o
                0x008001b6                g_userPassword_length
 .bss.g_uartCode
                0x008001b7        0x1 ./APP_layer/App.o
                0x008001b7                g_uartCode
 *(COMMON)
                0x008001b8                PROVIDE (__bss_end, .)
                0x00002b5c                __data_load_start = LOADADDR (.data)
                0x00002ca4                __data_load_end = (__data_load_start + SIZEOF (.data))

.noinit         0x008001b8        0x0
                0x008001b8                PROVIDE (__noinit_start, .)
 *(.noinit*)
                0x008001b8                PROVIDE (__noinit_end, .)
                0x008001b8                _end = .
                0x008001b8                PROVIDE (__heap_start, .)

.eeprom         0x00810000        0x0
 *(.eeprom*)
                0x00810000                __eeprom_end = .

.fuse
 *(.fuse)
 *(.lfuse)
 *(.hfuse)
 *(.efuse)

.lock
 *(.lock*)

.signature
 *(.signature*)

.stab           0x00000000     0x3af8
 *(.stab)
 .stab          0x00000000      0x984 ./MCAL_init/USART/usart.o
 .stab          0x00000984      0x7bc ./MCAL_init/Timer_16bit/hal_timer1.o
                                0x978 (size before relaxing)
 .stab          0x00001140      0x540 ./MCAL_init/I2C_Driver/I2C.o
                                0x6fc (size before relaxing)
 .stab          0x00001680      0xc54 ./MCAL_init/DIO_Driver/hal_DIO.o
                                0xe10 (size before relaxing)
 .stab          0x000022d4      0x24c ./MCAL_init/mcal_init.o
                                0x51c (size before relaxing)
 .stab          0x00002520      0x4bc ./HAL_init/motor/ecu_motor.o
                                0x678 (size before relaxing)
 .stab          0x000029dc      0x720 ./HAL_init/External_EEPROM/external_eeprom.o
                                0x8dc (size before relaxing)
 .stab          0x000030fc      0x1b0 ./HAL_init/hal_init.o
                                0x480 (size before relaxing)
 .stab          0x000032ac      0x84c ./APP_layer/App.o
                                0xa08 (size before relaxing)

.stabstr        0x00000000     0x29c4
 *(.stabstr)
 .stabstr       0x00000000     0x29c4 ./MCAL_init/USART/usart.o

.stab.excl
 *(.stab.excl)

.stab.exclstr
 *(.stab.exclstr)

.stab.index
 *(.stab.index)

.stab.indexstr
 *(.stab.indexstr)

.comment
 *(.comment)

.debug
 *(.debug)

.line
 *(.line)

.debug_srcinfo
 *(.debug_srcinfo)

.debug_sfnames
 *(.debug_sfnames)

.debug_aranges  0x00000000      0x160
 *(.debug_aranges)
 .debug_aranges
                0x00000000       0x20 c:/winavr-20100110/bin/../lib/gcc/avr/4.3.3/avr5\libgcc.a(_fixunssfsi.o)
 .debug_aranges
                0x00000020       0x20 c:/winavr-20100110/bin/../lib/gcc/avr/4.3.3/avr5\libgcc.a(_addsub_sf.o)
 .debug_aranges
                0x00000040       0x20 c:/winavr-20100110/bin/../lib/gcc/avr/4.3.3/avr5\libgcc.a(_mul_sf.o)
 .debug_aranges
                0x00000060       0x20 c:/winavr-20100110/bin/../lib/gcc/avr/4.3.3/avr5\libgcc.a(_div_sf.o)
 .debug_aranges
                0x00000080       0x20 c:/winavr-20100110/bin/../lib/gcc/avr/4.3.3/avr5\libgcc.a(_ge_sf.o)
 .debug_aranges
                0x000000a0       0x20 c:/winavr-20100110/bin/../lib/gcc/avr/4.3.3/avr5\libgcc.a(_sf_to_si.o)
 .debug_aranges
                0x000000c0       0x20 c:/winavr-20100110/bin/../lib/gcc/avr/4.3.3/avr5\libgcc.a(_usi_to_sf.o)
 .debug_aranges
                0x000000e0       0x20 c:/winavr-20100110/bin/../lib/gcc/avr/4.3.3/avr5\libgcc.a(_clzsi2.o)
 .debug_aranges
                0x00000100       0x20 c:/winavr-20100110/bin/../lib/gcc/avr/4.3.3/avr5\libgcc.a(_pack_sf.o)
 .debug_aranges
                0x00000120       0x20 c:/winavr-20100110/bin/../lib/gcc/avr/4.3.3/avr5\libgcc.a(_unpack_sf.o)
 .debug_aranges
                0x00000140       0x20 c:/winavr-20100110/bin/../lib/gcc/avr/4.3.3/avr5\libgcc.a(_fpcmp_parts_sf.o)

.debug_pubnames
                0x00000000      0x1b6
 *(.debug_pubnames)
 .debug_pubnames
                0x00000000       0x23 c:/winavr-20100110/bin/../lib/gcc/avr/4.3.3/avr5\libgcc.a(_fixunssfsi.o)
 .debug_pubnames
                0x00000023       0x2c c:/winavr-20100110/bin/../lib/gcc/avr/4.3.3/avr5\libgcc.a(_addsub_sf.o)
 .debug_pubnames
                0x0000004f       0x1f c:/winavr-20100110/bin/../lib/gcc/avr/4.3.3/avr5\libgcc.a(_mul_sf.o)
 .debug_pubnames
                0x0000006e       0x1f c:/winavr-20100110/bin/../lib/gcc/avr/4.3.3/avr5\libgcc.a(_div_sf.o)
 .debug_pubnames
                0x0000008d       0x1e c:/winavr-20100110/bin/../lib/gcc/avr/4.3.3/avr5\libgcc.a(_ge_sf.o)
 .debug_pubnames
                0x000000ab       0x20 c:/winavr-20100110/bin/../lib/gcc/avr/4.3.3/avr5\libgcc.a(_sf_to_si.o)
 .debug_pubnames
                0x000000cb       0x22 c:/winavr-20100110/bin/../lib/gcc/avr/4.3.3/avr5\libgcc.a(_thenan_sf.o)
 .debug_pubnames
                0x000000ed       0x24 c:/winavr-20100110/bin/../lib/gcc/avr/4.3.3/avr5\libgcc.a(_usi_to_sf.o)
 .debug_pubnames
                0x00000111       0x1f c:/winavr-20100110/bin/../lib/gcc/avr/4.3.3/avr5\libgcc.a(_clzsi2.o)
 .debug_pubnames
                0x00000130       0x1f c:/winavr-20100110/bin/../lib/gcc/avr/4.3.3/avr5\libgcc.a(_pack_sf.o)
 .debug_pubnames
                0x0000014f       0x21 c:/winavr-20100110/bin/../lib/gcc/avr/4.3.3/avr5\libgcc.a(_unpack_sf.o)
 .debug_pubnames
                0x00000170       0x26 c:/winavr-20100110/bin/../lib/gcc/avr/4.3.3/avr5\libgcc.a(_fpcmp_parts_sf.o)
 .debug_pubnames
                0x00000196       0x20 c:/winavr-20100110/bin/../lib/gcc/avr/4.3.3/avr5\libgcc.a(_clz.o)

.debug_info     0x00000000     0x1f0d
 *(.debug_info)
 .debug_info    0x00000000       0xb1 c:/winavr-20100110/bin/../lib/gcc/avr/4.3.3/avr5\libgcc.a(_fixunssfsi.o)
 .debug_info    0x000000b1      0x47a c:/winavr-20100110/bin/../lib/gcc/avr/4.3.3/avr5\libgcc.a(_addsub_sf.o)
 .debug_info    0x0000052b      0x485 c:/winavr-20100110/bin/../lib/gcc/avr/4.3.3/avr5\libgcc.a(_mul_sf.o)
 .debug_info    0x000009b0      0x3fc c:/winavr-20100110/bin/../lib/gcc/avr/4.3.3/avr5\libgcc.a(_div_sf.o)
 .debug_info    0x00000dac      0x27f c:/winavr-20100110/bin/../lib/gcc/avr/4.3.3/avr5\libgcc.a(_ge_sf.o)
 .debug_info    0x0000102b      0x2b0 c:/winavr-20100110/bin/../lib/gcc/avr/4.3.3/avr5\libgcc.a(_sf_to_si.o)
 .debug_info    0x000012db      0x12c c:/winavr-20100110/bin/../lib/gcc/avr/4.3.3/avr5\libgcc.a(_thenan_sf.o)
 .debug_info    0x00001407      0x206 c:/winavr-20100110/bin/../lib/gcc/avr/4.3.3/avr5\libgcc.a(_usi_to_sf.o)
 .debug_info    0x0000160d      0x117 c:/winavr-20100110/bin/../lib/gcc/avr/4.3.3/avr5\libgcc.a(_clzsi2.o)
 .debug_info    0x00001724      0x2df c:/winavr-20100110/bin/../lib/gcc/avr/4.3.3/avr5\libgcc.a(_pack_sf.o)
 .debug_info    0x00001a03      0x251 c:/winavr-20100110/bin/../lib/gcc/avr/4.3.3/avr5\libgcc.a(_unpack_sf.o)
 .debug_info    0x00001c54      0x210 c:/winavr-20100110/bin/../lib/gcc/avr/4.3.3/avr5\libgcc.a(_fpcmp_parts_sf.o)
 .debug_info    0x00001e64       0xa9 c:/winavr-20100110/bin/../lib/gcc/avr/4.3.3/avr5\libgcc.a(_clz.o)
 *(.gnu.linkonce.wi.*)

.debug_abbrev   0x00000000     0x10d2
 *(.debug_abbrev)
 .debug_abbrev  0x00000000       0x5d c:/winavr-20100110/bin/../lib/gcc/avr/4.3.3/avr5\libgcc.a(_fixunssfsi.o)
 .debug_abbrev  0x0000005d      0x1ea c:/winavr-20100110/bin/../lib/gcc/avr/4.3.3/avr5\libgcc.a(_addsub_sf.o)
 .debug_abbrev  0x00000247      0x21b c:/winavr-20100110/bin/../lib/gcc/avr/4.3.3/avr5\libgcc.a(_mul_sf.o)
 .debug_abbrev  0x00000462      0x216 c:/winavr-20100110/bin/../lib/gcc/avr/4.3.3/avr5\libgcc.a(_div_sf.o)
 .debug_abbrev  0x00000678      0x15a c:/winavr-20100110/bin/../lib/gcc/avr/4.3.3/avr5\libgcc.a(_ge_sf.o)
 .debug_abbrev  0x000007d2      0x17f c:/winavr-20100110/bin/../lib/gcc/avr/4.3.3/avr5\libgcc.a(_sf_to_si.o)
 .debug_abbrev  0x00000951       0xad c:/winavr-20100110/bin/../lib/gcc/avr/4.3.3/avr5\libgcc.a(_thenan_sf.o)
 .debug_abbrev  0x000009fe      0x157 c:/winavr-20100110/bin/../lib/gcc/avr/4.3.3/avr5\libgcc.a(_usi_to_sf.o)
 .debug_abbrev  0x00000b55       0xc4 c:/winavr-20100110/bin/../lib/gcc/avr/4.3.3/avr5\libgcc.a(_clzsi2.o)
 .debug_abbrev  0x00000c19      0x1c0 c:/winavr-20100110/bin/../lib/gcc/avr/4.3.3/avr5\libgcc.a(_pack_sf.o)
 .debug_abbrev  0x00000dd9      0x154 c:/winavr-20100110/bin/../lib/gcc/avr/4.3.3/avr5\libgcc.a(_unpack_sf.o)
 .debug_abbrev  0x00000f2d      0x13b c:/winavr-20100110/bin/../lib/gcc/avr/4.3.3/avr5\libgcc.a(_fpcmp_parts_sf.o)
 .debug_abbrev  0x00001068       0x6a c:/winavr-20100110/bin/../lib/gcc/avr/4.3.3/avr5\libgcc.a(_clz.o)

.debug_line     0x00000000     0x1030
 *(.debug_line)
 .debug_line    0x00000000       0xa7 c:/winavr-20100110/bin/../lib/gcc/avr/4.3.3/avr5\libgcc.a(_fixunssfsi.o)
 .debug_line    0x000000a7      0x2af c:/winavr-20100110/bin/../lib/gcc/avr/4.3.3/avr5\libgcc.a(_addsub_sf.o)
 .debug_line    0x00000356      0x239 c:/winavr-20100110/bin/../lib/gcc/avr/4.3.3/avr5\libgcc.a(_mul_sf.o)
 .debug_line    0x0000058f      0x1d5 c:/winavr-20100110/bin/../lib/gcc/avr/4.3.3/avr5\libgcc.a(_div_sf.o)
 .debug_line    0x00000764       0xd3 c:/winavr-20100110/bin/../lib/gcc/avr/4.3.3/avr5\libgcc.a(_ge_sf.o)
 .debug_line    0x00000837      0x109 c:/winavr-20100110/bin/../lib/gcc/avr/4.3.3/avr5\libgcc.a(_sf_to_si.o)
 .debug_line    0x00000940       0x90 c:/winavr-20100110/bin/../lib/gcc/avr/4.3.3/avr5\libgcc.a(_thenan_sf.o)
 .debug_line    0x000009d0      0x133 c:/winavr-20100110/bin/../lib/gcc/avr/4.3.3/avr5\libgcc.a(_usi_to_sf.o)
 .debug_line    0x00000b03       0xa5 c:/winavr-20100110/bin/../lib/gcc/avr/4.3.3/avr5\libgcc.a(_clzsi2.o)
 .debug_line    0x00000ba8      0x18a c:/winavr-20100110/bin/../lib/gcc/avr/4.3.3/avr5\libgcc.a(_pack_sf.o)
 .debug_line    0x00000d32      0x14b c:/winavr-20100110/bin/../lib/gcc/avr/4.3.3/avr5\libgcc.a(_unpack_sf.o)
 .debug_line    0x00000e7d      0x137 c:/winavr-20100110/bin/../lib/gcc/avr/4.3.3/avr5\libgcc.a(_fpcmp_parts_sf.o)
 .debug_line    0x00000fb4       0x7c c:/winavr-20100110/bin/../lib/gcc/avr/4.3.3/avr5\libgcc.a(_clz.o)

.debug_frame    0x00000000      0x180
 *(.debug_frame)
 .debug_frame   0x00000000       0x20 c:/winavr-20100110/bin/../lib/gcc/avr/4.3.3/avr5\libgcc.a(_fixunssfsi.o)
 .debug_frame   0x00000020       0x40 c:/winavr-20100110/bin/../lib/gcc/avr/4.3.3/avr5\libgcc.a(_addsub_sf.o)
 .debug_frame   0x00000060       0x20 c:/winavr-20100110/bin/../lib/gcc/avr/4.3.3/avr5\libgcc.a(_mul_sf.o)
 .debug_frame   0x00000080       0x20 c:/winavr-20100110/bin/../lib/gcc/avr/4.3.3/avr5\libgcc.a(_div_sf.o)
 .debug_frame   0x000000a0       0x20 c:/winavr-20100110/bin/../lib/gcc/avr/4.3.3/avr5\libgcc.a(_ge_sf.o)
 .debug_frame   0x000000c0       0x20 c:/winavr-20100110/bin/../lib/gcc/avr/4.3.3/avr5\libgcc.a(_sf_to_si.o)
 .debug_frame   0x000000e0       0x20 c:/winavr-20100110/bin/../lib/gcc/avr/4.3.3/avr5\libgcc.a(_usi_to_sf.o)
 .debug_frame   0x00000100       0x20 c:/winavr-20100110/bin/../lib/gcc/avr/4.3.3/avr5\libgcc.a(_clzsi2.o)
 .debug_frame   0x00000120       0x20 c:/winavr-20100110/bin/../lib/gcc/avr/4.3.3/avr5\libgcc.a(_pack_sf.o)
 .debug_frame   0x00000140       0x20 c:/winavr-20100110/bin/../lib/gcc/avr/4.3.3/avr5\libgcc.a(_unpack_sf.o)
 .debug_frame   0x00000160       0x20 c:/winavr-20100110/bin/../lib/gcc/avr/4.3.3/avr5\libgcc.a(_fpcmp_parts_sf.o)

.debug_str      0x00000000      0x2e6
 *(.debug_str)
 .debug_str     0x00000000       0xbf c:/winavr-20100110/bin/../lib/gcc/avr/4.3.3/avr5\libgcc.a(_fixunssfsi.o)
                                 0xfe (size before relaxing)
 .debug_str     0x000000bf      0x14d c:/winavr-20100110/bin/../lib/gcc/avr/4.3.3/avr5\libgcc.a(_addsub_sf.o)
                                0x206 (size before relaxing)
 .debug_str     0x0000020c       0x27 c:/winavr-20100110/bin/../lib/gcc/avr/4.3.3/avr5\libgcc.a(_mul_sf.o)
                                0x1bf (size before relaxing)
 .debug_str     0x00000233       0x35 c:/winavr-20100110/bin/../lib/gcc/avr/4.3.3/avr5\libgcc.a(_div_sf.o)
                                0x1c8 (size before relaxing)
 .debug_str     0x00000268        0x8 c:/winavr-20100110/bin/../lib/gcc/avr/4.3.3/avr5\libgcc.a(_ge_sf.o)
                                0x195 (size before relaxing)
 .debug_str     0x00000270        0xa c:/winavr-20100110/bin/../lib/gcc/avr/4.3.3/avr5\libgcc.a(_sf_to_si.o)
                                0x19e (size before relaxing)
 .debug_str     0x00000000      0x103 c:/winavr-20100110/bin/../lib/gcc/avr/4.3.3/avr5\libgcc.a(_thenan_sf.o)
 .debug_str     0x0000027a       0x21 c:/winavr-20100110/bin/../lib/gcc/avr/4.3.3/avr5\libgcc.a(_usi_to_sf.o)
                                0x177 (size before relaxing)
 .debug_str     0x0000029b       0x20 c:/winavr-20100110/bin/../lib/gcc/avr/4.3.3/avr5\libgcc.a(_clzsi2.o)
                                0x111 (size before relaxing)
 .debug_str     0x000002bb       0x10 c:/winavr-20100110/bin/../lib/gcc/avr/4.3.3/avr5\libgcc.a(_pack_sf.o)
                                0x19d (size before relaxing)
 .debug_str     0x000002cb        0xb c:/winavr-20100110/bin/../lib/gcc/avr/4.3.3/avr5\libgcc.a(_unpack_sf.o)
                                0x17f (size before relaxing)
 .debug_str     0x000002d6       0x10 c:/winavr-20100110/bin/../lib/gcc/avr/4.3.3/avr5\libgcc.a(_fpcmp_parts_sf.o)
                                0x163 (size before relaxing)
 .debug_str     0x00000000       0xf4 c:/winavr-20100110/bin/../lib/gcc/avr/4.3.3/avr5\libgcc.a(_clz.o)

.debug_loc      0x00000000      0x8f6
 *(.debug_loc)
 .debug_loc     0x00000000       0x34 c:/winavr-20100110/bin/../lib/gcc/avr/4.3.3/avr5\libgcc.a(_fixunssfsi.o)
 .debug_loc     0x00000034      0x32a c:/winavr-20100110/bin/../lib/gcc/avr/4.3.3/avr5\libgcc.a(_addsub_sf.o)
 .debug_loc     0x0000035e      0x104 c:/winavr-20100110/bin/../lib/gcc/avr/4.3.3/avr5\libgcc.a(_mul_sf.o)
 .debug_loc     0x00000462       0xc0 c:/winavr-20100110/bin/../lib/gcc/avr/4.3.3/avr5\libgcc.a(_div_sf.o)
 .debug_loc     0x00000522       0x3c c:/winavr-20100110/bin/../lib/gcc/avr/4.3.3/avr5\libgcc.a(_ge_sf.o)
 .debug_loc     0x0000055e       0x7e c:/winavr-20100110/bin/../lib/gcc/avr/4.3.3/avr5\libgcc.a(_sf_to_si.o)
 .debug_loc     0x000005dc       0x4c c:/winavr-20100110/bin/../lib/gcc/avr/4.3.3/avr5\libgcc.a(_usi_to_sf.o)
 .debug_loc     0x00000628       0x94 c:/winavr-20100110/bin/../lib/gcc/avr/4.3.3/avr5\libgcc.a(_clzsi2.o)
 .debug_loc     0x000006bc      0x13e c:/winavr-20100110/bin/../lib/gcc/avr/4.3.3/avr5\libgcc.a(_pack_sf.o)
 .debug_loc     0x000007fa       0xac c:/winavr-20100110/bin/../lib/gcc/avr/4.3.3/avr5\libgcc.a(_unpack_sf.o)
 .debug_loc     0x000008a6       0x50 c:/winavr-20100110/bin/../lib/gcc/avr/4.3.3/avr5\libgcc.a(_fpcmp_parts_sf.o)

.debug_macinfo
 *(.debug_macinfo)
OUTPUT(Processing_MCU.elf elf32-avr)
LOAD linker stubs

.debug_ranges   0x00000000       0x50
 .debug_ranges  0x00000000       0x50 c:/winavr-20100110/bin/../lib/gcc/avr/4.3.3/avr5\libgcc.a(_mul_sf.o)
